                                                      18.05.19 М1

  М О Н И Т О Р-8 0  (3.7)   25.09.84*       (  МС " Д У Б Н А " ИАЭ  )             ШИФР    419999000000







                     ЖЖЖ   ЖЖЖ      Ж  ЖЖЖ           Ж      Ж ЖЖЖЖЖ  ЖЖЖ
                    Ж   Ж Ж   Ж    ЖЖ Ж   Ж         ЖЖ     ЖЖ Ж   Ж Ж   Ж
                        Ж Ж   Ж   Ж Ж  Ж Ж         Ж Ж    Ж Ж     Ж Ж   Ж
                       Ж  Ж   Ж  Ж  Ж   Ж    ЖЖЖ     Ж   Ж  Ж    Ж  Ж   Ж
                      Ж   Ж   Ж Ж   Ж  Ж Ж           Ж  Ж   Ж   Ж   Ж   Ж
                     Ж    Ж   Ж ЖЖЖЖЖ Ж   Ж          Ж  ЖЖЖЖЖ  Ж    Ж   Ж
                    ЖЖЖЖЖ  ЖЖЖ      Ж  ЖЖЖ          ЖЖЖ     Ж  Ж     ЖЖЖ








*NАМЕ 2048-1470
           *РЕRSО: 401350
 04.10.84 М1
           *САLL LIВRЕFЕR:ТАРЕ=401470
                                                      18.05.19 М1
                     ССЫЛКИ НА ПОДПРОГРАММЫ                                  Е РRINТ8
                                                                   SLАSН    (SЕТСН   )
                                 LINЕ        ЕRRОR                 ТАВ         ЕRRОR
   D - РАССЫЛКА ДАННЫХ                     Е F/LООР                          Е F/LООР
   Е - ВНЕШНЯЯ П/П                         Е F/SАVЕR                         Е F/SАVЕR
                                           Е F/SRЕТ                          Е F/SRЕТ
   АSРID     Е F/LООР                        НУРНЕN                            GЕТСН
             Е F/SАVЕR                     Е R*ТО*I                WОRD        ВUFСН
             Е F/SRЕТ                        WОRD                              ЕNDРR
               INIТ              LSРАСЕ    Е F/LООР                            ЕRRОR
               РАGЕ                        Е F/SАVЕR                         Е F/SАVЕR
               РRINТ                       Е F/SRЕТ                          Е F/SRЕТ
               RЕWСНR                        SЕТСН                             GЕТСН
               SЕТСН             МАСRО       ВЕGРR                             РRIМ
               SLАSН                         ЕRRОR
   ВСD                                     Е F/SАVЕR
   ВЕGРR       ЕRRОR                       Е F/SRЕТ
             Е F/NОSVR                       FОRВЕG
             Е F/SRЕТNR                      FОRIN
               FОRВЕG                        GЕТСН
               FОRIN             NРАGЕ    (ВILISТ  )
               FОRNUМ            ОСТDЕС   (FОRIN   )
               GЕТСН             РАGЕ      Е F/LООР
   ВILISТ    Е ВСDWRIТ*                    Е F/SАVЕR
             Е F/SRЕТ                      Е F/SRЕТ
             Е F/SSТАRТ                      LINЕ
             Е IОАС*                         LSРАСЕ
             Е IОСОNТ*                       ОСТDЕС
             Е IОЕND*                      Е R*ТО*I
   ВUFСН     Е F/SАVЕR                       SЕТСН
             Е F/SRЕТ                        SLАSН
   СНТУРЕ                        РRЕNТ     Е F/SАVЕR
   ЕNDРR       ЕRRОR                       Е F/SRЕТ
             Е F/SАVЕR                       IВСD
             Е F/SRЕТ                      Е РRINТА
               GЕТСН             РRIМ        ВЕGРR
               МАСRО                         ЕNDРR
               ТАВ                         Е F/SАVЕR
   ЕRRОR     Е F/NОSVR                     Е F/SRЕТ
             Е F/SRЕТNR          РRINТ       ВILISТ
   FОRВЕG   (FОRIN   )                     Е F/LООР
   FОRIN                                   Е F/SАVЕR
   FОRNUМ   (FОRIN   )                     Е F/SRЕТ
   GЕТСН     Е F/SАVЕR                       IRА
             Е F/SRЕТ                        IТС
               IRА                           IWА
               IТС                           LАDR
               LАDR                        Е LОАDGО
               РRЕNТ                         NРАGЕ
             Е SRЕАDТ            РRООF    (SЕТСН   )
   НУРНЕN      СНТУРЕ            РТ8ВNР    Е АSАVЕ*
             Е F/SАVЕR                     Е РLIКS
             Е F/SRЕТ                      Е SАVЕ*НID
   IВСD     (ВСD     )           РТСОNS    Е ВСDWRIТ*
   IDIС        РRЕNТ                       Е ВINWRIТ*
               RЕАD                        Е F/SRЕТ
   INIТ        ЕNDРR                       Е F/SSТАRТ
             Е F/SАVЕR                     Е IОАС*
             Е F/SRЕТ                      Е IОСОNТ*
               GЕТСН                       Е IОЕND*
               РRIМ                        Е IWВ1
   IRА      (IWА     )                       LАDR
   IТС                           RЕАD      Е RЕАD*
   IWА                           RЕWСНR   (SЕТСН   )
   LАDR     (IWА     )           SЕТСН       IWА
                                                      18.05.19 М1
                     ИСПОЛЬЗОВАНИЕ ПОДПРОГРАММ                     RЕАD        IDIС
                                                                   RЕАD*    Е  RЕАD
                                             НУРНЕN                RЕWСНR      АSРID
   Е - ВНЕШНЯЯ П/П                           INIТ                  SАVЕ*НID Е  РТ8ВNР
   N - ОПИСАНА, НЕ ИСПОЛЬЗУЕТСЯ              LINЕ                  SЕТСН       АSРID
   С - ЕСТЬ ОДНОИМЕННЫЙ СОММОN               LSРАСЕ                            LSРАСЕ
                                             МАСRО                             РАGЕ
   НЕИСПОЛЬЗУЕМЫЕ ВХОДЫ                      РАGЕ                  SLАSН       АSРID
                                             РRЕNТ                             РАGЕ
   АSРID                                     РRIМ                  SRЕАDТ   Е  GЕТСН
   ВСD                                       РRINТ                 ТАВ         ЕNDРR
   IDIС                                      РТСОNS                WОRD        LINЕ
   РRООF                                     ТАВ
   РТ8ВNР                                    WОRD
   РТСОNS                        F/SRЕТNR Е  ВЕGРR
                                             ЕRRОR
                                 F/SSТАRТ Е  ВILISТ
   ИСПОЛЬЗУЕМЫЕ ВХОДЫ                        РТСОNS
                                 FОRВЕG      ВЕGРR
   АSАVЕ*   Е  РТ8ВNР                        МАСRО
   ВСDWRIТ* Е  ВILISТ            FОRIN       ВЕGРR
               РТСОNS                        МАСRО
   ВЕGРR       МАСRО             FОRNUМ      ВЕGРR
               РRIМ              GЕТСН       ВЕGРR
   ВILISТ      РRINТ                         ЕNDРR
   ВINWRIТ* Е  РТСОNS                        INIТ
   ВUFСН       WОRD                          МАСRО
   СНТУРЕ      НУРНЕN                        ТАВ
   ЕNDРR       INIТ                          WОRD
               РRIМ              НУРНЕN      LINЕ
               WОRD              IВСD        РRЕNТ
   ЕRRОR       ВЕGРR             INIТ        АSРID
               ЕNDРR             IОАС*    Е  ВILISТ
               LINЕ                          РТСОNS
               МАСRО             IОСОNТ*  Е  ВILISТ
               ТАВ                           РТСОNS
               WОRD              IОЕND*   Е  ВILISТ
   F/LООР   Е  АSРID                         РТСОNS
               LINЕ              IRА         GЕТСН
               LSРАСЕ                        РRINТ
               РАGЕ              IТС         GЕТСН
               РRINТ                         РRINТ
               ТАВ               IWА         РRINТ
   F/NОSVR  Е  ВЕGРR                         SЕТСН
               ЕRRОR             IWВ1     Е  РТСОNS
   F/SАVЕR  Е  АSРID             LАDR        GЕТСН
               ВUFСН                         РRINТ
               ЕNDРR                         РТСОNS
               GЕТСН             LINЕ        РАGЕ
               НУРНЕN            LОАDGО   Е  РRINТ
               INIТ              LSРАСЕ      РАGЕ
               LINЕ              МАСRО       ЕNDРR
               LSРАСЕ            NРАGЕ       РRINТ
               МАСRО             ОСТDЕС      РАGЕ
               РАGЕ              РАGЕ        АSРID
               РRЕNТ             РLIКS    Е  РТ8ВNР
               РRIМ              РRЕNТ       GЕТСН
               РRINТ                         IDIС
               ТАВ               РRIМ        INIТ
               WОRD                          WОRD
   F/SRЕТ   Е  АSРID             РRINТ       АSРID
               ВILISТ            РRINТ8   Е  SЕТСН
               ВUFСН             РRINТА   Е  РRЕNТ
               ЕNDРR             R*ТО*I   Е  LINЕ
               GЕТСН                         РАGЕ
                                                      18.05.19 М1
                     ССЫЛКИ НА СОММОN′Ы                                     NL 00021 *АSР3*
                                                                            NL 01548 *АSР4*
                                 INIТ     NL 00005 *АSР1*                   NL 00009 *АSР5*
   D - РАССЫЛКА ДАННЫХ                     L 00462 *АSР2*                    L 00017 *АSР6*
   N - ОПИСАН, НЕ ИСПОЛЬЗУЕТСЯ             L 00020 *АSР3*                    L 00694 *АSР7*
   Р - СТРАНИЧНЫЙ СОММОN                  NL 01548 *АSР4*          WОRD     NL 00005 *АSР1*
   S - СЕКТОРНЫЙ СОММОN                    L 00009 *АSР5*                    L 00462 *АSР2*
   L - ПРОСТОЙ СОММОN                      L 00016 *АSР6*                    L 00020 *АSР3*
   ***** - ДЛИНА ОПИСАНА НЕЯВНО            L 00694 *АSР7*                   NL 01548 *АSР4*
                                 IRА      (IWА     )                         L 00009 *АSР5*
   АSРID    DL 00005 *АSР1*      IWА       L 00001 А/I0                      L 00017 *АSР6*
            DL 00463 *АSР2*      LАDR     (IWА     )                         L 00694 *АSР7*
            DL 00021 *АSР3*      LINЕ      L 00005 *АSР1*
            DL 08048 *АSР4*                L 00463 *АSР2*
            DL 00009 *АSР5*                L 00021 *АSР3*
            DL 00018 *АSР6*               NL 01548 *АSР4*
            DL 00694 *АSР7*                L 00009 *АSР5*
            DL 00006 *АSРРАG*              L 00016 *АSР6*
   ВЕGРR    NL 00005 *АSР1*                L 00001 АСС*
            DL 00463 *АSР2*      LSРАСЕ   NL 00005 *АSР1*
             L 00021 *АSР3*                L 00462 *АSР2*
            NL 01548 *АSР4*                L 00020 *АSР3*
            NL 00009 *АSР5*               NL 01548 *АSР4*
             L 00018 *АSР6*                L 00009 *АSР5*
            NL 00694 *АSР7*               NL 00013 *АSР6*
   ВILISТ    L 00001 *АSР5*      МАСRО    NL 00005 *АSР1*
   ВUFСН    NL 00005 *АSР1*               DL 00463 *АSР2*
             L 00462 *АSР2*                L 00020 *АSР3*
             L 00020 *АSР3*               NL 01548 *АSР4*
            NL 01548 *АSР4*               NL 00009 *АSР5*
             L 00009 *АSР5*                L 00016 *АSР6*
            NL 00013 *АSР6*               DL 00694 *АSР7*
   СНТУРЕ    L 00462 *АSР2*      NРАGЕ    (ВILISТ  )
   ЕNDРR     L 00005 *АSР1*      ОСТDЕС   (FОRIN   )
            DL 00463 *АSР2*      РАGЕ     NL 00005 *АSР1*
             L 00021 *АSР3*                L 00462 *АSР2*
            NL 01548 *АSР4*                L 00020 *АSР3*
             L 00009 *АSР5*               NL 01548 *АSР4*
             L 00018 *АSР6*                L 00009 *АSР5*
             L 00694 *АSР7*                L 00018 *АSР6*
             L 00006 *АSРРАG*    РRЕNТ    NL 00005 *АSР1*
   ЕRRОR    NL 00005 *АSР1*               NL 00462 *АSР2*
            NL 00463 *АSР2*               NL 00020 *АSР3*
            NL 00021 *АSР3*                L 01548 *АSР4*
             L 01548 *АSР4*               NL 00009 *АSР5*
            NL 00009 *АSР5*                L 00013 *АSР6*
             L 00014 *АSР6*      РRIМ     NL 00005 *АSР1*
   FОRВЕG   (FОRIN   )                     L 00463 *АSР2*
   FОRIN     L 00429 *АSР2*               NL 00021 *АSР3*
             L 00005 *АSР6*               NL 01548 *АSР4*
   FОRNUМ   (FОRIN   )                    NL 00009 *АSР5*
   GЕТСН     L 00002 *АSР1*               NL 00018 *АSР6*
             L 00003 *АSР2*                L 00694 *АSР7*
             L 00009 *АSР3*      РRINТ     L 01548 *АSР4*
             L 00148 *АSР4*                L 00001 *АSР5*
             L 00006 *АSРРАG*    РRООF    (SЕТСН   )
   НУРНЕN   NL 00005 *АSР1*      РТСОNS    L 00001 *АSР5*
             L 00462 *АSР2*      RЕWСНR   (SЕТСН   )
            NL 00020 *АSР3*      SЕТСН     L 00001 *АSР2*
            NL 01548 *АSР4*                L 08048 *АSР4*
            NL 00009 *АSР5*                L 00006 *АSРРАG*
            NL 00013 *АSР6*                L 00000 МОNСАRD*
   IDIС      L 00005 *АSР1*      SLАSН    (SЕТСН   )
             L 00429 *АSР2*      ТАВ      NL 00005 *АSР1*
             L 15048 *АSР4*                L 00463 *АSР2*
                                                      18.05.19 М1
                     ИСПОЛЬЗОВАНИЕ СОММОN′ОВ                                DL 00694 МАСRО
                                                                             L 00694 РRIМ
                                          NL 00021 ТАВ                       L 00694 ТАВ
   Е - ЕСТЬ ОДНОИМЕННАЯ П/П                L 00020 WОRD                      L 00694 WОRD
   D - РАССЫЛКА ДАННЫХ           *АSР4*      15048                 *АSРРАG*    00006
   N - ОПИСАН, НЕ ИСПОЛЬЗУЕТСЯ            DL 08048 АSРID                    DL 00006 АSРID
   Р - СТРАНИЧНЫЙ СОММОN                  NL 01548 ВЕGРR                     L 00006 ЕNDРR
   S - СЕКТОРНЫЙ СОММОN                   NL 01548 ВUFСН                     L 00006 GЕТСН
   L - ПРОСТОЙ СОММОN                     NL 01548 ЕNDРR                     L 00006 SЕТСН
   ***** - ДЛИНА ОПИСАНА НЕЯВНО            L 01548 ЕRRОR           А/I0        00001
                                           L 00148 GЕТСН                     L 00001 IWА
   *АSР1*      00005                      NL 01548 НУРНЕN          АСС*        00001
            DL 00005 АSРID                 L 15048 IDIС                      L 00001 LINЕ
            NL 00005 ВЕGРR                NL 01548 INIТ            МОNСАRD*    00000
            NL 00005 ВUFСН                NL 01548 LINЕ                      L 00000 SЕТСН
             L 00005 ЕNDРR                NL 01548 LSРАСЕ
            NL 00005 ЕRRОR                NL 01548 МАСRО
             L 00002 GЕТСН                NL 01548 РАGЕ
            NL 00005 НУРНЕN                L 01548 РRЕNТ
             L 00005 IDIС                 NL 01548 РRIМ
            NL 00005 INIТ                  L 01548 РRINТ
             L 00005 LINЕ                  L 08048 SЕТСН
            NL 00005 LSРАСЕ               NL 01548 ТАВ
            NL 00005 МАСRО                NL 01548 WОRD
            NL 00005 РАGЕ        *АSР5*      00009
            NL 00005 РRЕNТ                DL 00009 АSРID
            NL 00005 РRIМ                 NL 00009 ВЕGРR
            NL 00005 ТАВ                   L 00001 ВILISТ
            NL 00005 WОRD                  L 00009 ВUFСН
   *АSР2*      00463                       L 00009 ЕNDРR
            DL 00463 АSРID                NL 00009 ЕRRОR
            DL 00463 ВЕGРR                NL 00009 НУРНЕN
             L 00462 ВUFСН                 L 00009 INIТ
             L 00462 СНТУРЕ                L 00009 LINЕ
            DL 00463 ЕNDРR                 L 00009 LSРАСЕ
            NL 00463 ЕRRОR                NL 00009 МАСRО
             L 00429 FОRIN                 L 00009 РАGЕ
             L 00003 GЕТСН                NL 00009 РRЕNТ
             L 00462 НУРНЕN               NL 00009 РRIМ
             L 00429 IDIС                  L 00001 РRINТ
             L 00462 INIТ                  L 00001 РТСОNS
             L 00463 LINЕ                 NL 00009 ТАВ
             L 00462 LSРАСЕ                L 00009 WОRD
            DL 00463 МАСRО       *АSР6*      00018
             L 00462 РАGЕ                 DL 00018 АSРID
            NL 00462 РRЕNТ                 L 00018 ВЕGРR
             L 00463 РRIМ                 NL 00013 ВUFСН
             L 00001 SЕТСН                 L 00018 ЕNDРR
             L 00463 ТАВ                   L 00014 ЕRRОR
             L 00462 WОRD                  L 00005 FОRIN
   *АSР3*      00021                      NL 00013 НУРНЕN
            DL 00021 АSРID                 L 00016 INIТ
             L 00021 ВЕGРR                 L 00016 LINЕ
             L 00020 ВUFСН                NL 00013 LSРАСЕ
             L 00021 ЕNDРR                 L 00016 МАСRО
            NL 00021 ЕRRОR                 L 00018 РАGЕ
             L 00009 GЕТСН                 L 00013 РRЕNТ
            NL 00020 НУРНЕN               NL 00018 РRIМ
             L 00020 INIТ                  L 00017 ТАВ
             L 00021 LINЕ                  L 00017 WОRD
             L 00020 LSРАСЕ      *АSР7*      00694
             L 00020 МАСRО                DL 00694 АSРID
             L 00020 РАGЕ                 NL 00694 ВЕGРR
            NL 00020 РRЕNТ                 L 00694 ЕNDРR
            NL 00021 РRIМ                  L 00694 INIТ
           *ЕND FILЕ
 КОНЕЦ ЗАДАЧИ
 00411: 00 074 0000	*74
