                                                      18.05.19 М1

  М О Н И Т О Р-8 0  (3.7)   25.09.84*       (  МС " Д У Б Н А " ИАЭ  )             ШИФР    419999000000







                     ЖЖЖ   ЖЖЖ      Ж  ЖЖЖ           Ж     Ж   ЖЖЖ  ЖЖЖЖЖ
                    Ж   Ж Ж   Ж    ЖЖ Ж   Ж         ЖЖ    ЖЖ  Ж        Ж
                        Ж Ж   Ж   Ж Ж  Ж Ж         Ж Ж   Ж Ж  ЖЖЖЖ    Ж
                       Ж  Ж   Ж  Ж  Ж   Ж    ЖЖЖ     Ж     Ж  Ж   Ж    Ж
                      Ж   Ж   Ж Ж   Ж  Ж Ж           Ж     Ж  Ж   Ж     Ж
                     Ж    Ж   Ж ЖЖЖЖЖ Ж   Ж          Ж     Ж  Ж   Ж Ж   Ж
                    ЖЖЖЖЖ  ЖЖЖ      Ж  ЖЖЖ          ЖЖЖ   ЖЖЖ  ЖЖЖ   ЖЖЖ








*NАМЕ 2048-1163
           *РЕRSО: 401350
 04.10.84 М1
           *САLL LIВRЕFЕR:ТАРЕ=401163
                                                      18.05.19 М1
                     ССЫЛКИ НА ПОДПРОГРАММЫ

                                           Е АМIN1
   D - РАССЫЛКА ДАННЫХ                     Е INТ
   Е - ВНЕШНЯЯ П/П                           РLОТ
                                             RDВ
   АRС       Е АВS               ОNОFF    (РLОТ    )
             Е АТАN              РАGЕ
             Е СIRСLЕ            РЕN      (РLОТ    )
               МОVЕ              РLОТ
             Е SQRТ              RDВ      (SЕТ     )
   ВRLINЕ    Е АВS               SЕТ
             Е АМАХ1             SУМВОL    Е СОS
             Е АМIN1                       Е I*МUI*
               IRDВ                          IRDВ
               МОVЕ                          МОVЕ
               RDВ                         Е R*DI*I
             Е SQRТ                          RDВ
             Е ТМF                         Е SУМТАВ
             Е WНЕRЕ             WDВ      (SЕТ     )
   ВRОКЕN                        WRIТС
   СМS      (SЕТ     )           ХУSОRТ    Е АВS
   ЕFRАGМ   (РLОТ    )                     Е R*SТ*I
   ЕNDРG
   FRАGМ    (РLОТ    )
   FRАМЕ    (РLОТ    )
   FULL
   GRСLОS   (GRОРЕN  )
   GRNАМЕ   (GRОРЕN  )
   GRNОТZ   (GRОРЕN  )
   GRОРЕN
   GRWRIТ   (GRОРЕN  )
   IDЕNТ    (SЕТ     )
   INСНЕS   (SЕТ     )
   IRDВ     (SЕТ     )
   IТАLIС   (SЕТ     )
   IWDВ     (SЕТ     )
   LРL       Е АВS
             Е АМАХ1
             Е АМIN1
             Е АТАN
               ЕNDРG
             Е FТ*002
             Е FТ*003
             Е FТ*611
             Е I*DI*I
             Е I*МU*I
             Е I*МUI*
             Е I*SТ*L
             Е LIМIТS
             Е МIN0
               МОVЕ
             Е NUМВЕR
               РАGЕ
             Е RЕGIОN
             Е SIGN
             Е SQRТ
               SУМВОL
             Е ТМF
   LРL1     (LРL     )
   LРL2     (LРL     )
   LРL3     (LРL     )
   МDВUFF
   ММS      (SЕТ     )
   МОVЕ      Е АМАХ1
                                                      18.05.19 М1
                     ИСПОЛЬЗОВАНИЕ ПОДПРОГРАММ

                                 INТ      Е  МОVЕ
   Е - ВНЕШНЯЯ П/П               IRDВ        ВRLINЕ
   N - ОПИСАНА, НЕ ИСПОЛЬЗУЕТСЯ              SУМВОL
   С - ЕСТЬ ОДНОИМЕННЫЙ СОММОN   LIМIТS   Е  LРL
                                 МIN0     Е  LРL
   НЕИСПОЛЬЗУЕМЫЕ ВХОДЫ          МОVЕ        АRС
                                             ВRLINЕ
   АRС                                       LРL
   ВRLINЕ                                    SУМВОL
   ВRОКЕN                        NUМВЕR   Е  LРL
   СМS                           РАGЕ        LРL
   ЕFRАGМ                        РLОТ        МОVЕ
   FRАGМ                         R*DI*I   Е  SУМВОL
   FRАМЕ                         R*SТ*I   Е  ХУSОRТ
   FULL                          RDВ         ВRLINЕ
   GRСLОS                                    МОVЕ
   GRNАМЕ                                    SУМВОL
   GRNОТZ                        RЕGIОN   Е  LРL
   GRОРЕN                        SIGN     Е  LРL
   GRWRIТ                        SQRТ     Е  АRС
   IDЕNТ                                     ВRLINЕ
   INСНЕS                                    LРL
   IТАLIС                        SУМВОL      LРL
   IWDВ                          SУМТАВ   Е  SУМВОL
   LРL                           ТМF      Е  ВRLINЕ
   LРL1                                      LРL
   LРL2                          WНЕRЕ    Е  ВRLINЕ
   LРL3
   МDВUFF
   ММS
   ОNОFF
   РЕN
   SЕТ
   WDВ
   WRIТС
   ХУSОRТ


   ИСПОЛЬЗУЕМЫЕ ВХОДЫ

   АВS      Е  АRС
               ВRLINЕ
               LРL
               ХУSОRТ
   АМАХ1    Е  ВRLINЕ
               LРL
               МОVЕ
   АМIN1    Е  ВRLINЕ
               LРL
               МОVЕ
   АТАN     Е  АRС
               LРL
   СIRСLЕ   Е  АRС
   СОS      Е  SУМВОL
   ЕNDРG       LРL
   FТ*002   Е  LРL
   FТ*003   Е  LРL
   FТ*611   Е  LРL
   I*DI*I   Е  LРL
   I*МU*I   Е  LРL
   I*МUI*   Е  LРL
               SУМВОL
   I*SТ*L   Е  LРL
                                                      18.05.19 М1
                     ССЫЛКИ НА СОММОN′Ы


   D - РАССЫЛКА ДАННЫХ
   N - ОПИСАН, НЕ ИСПОЛЬЗУЕТСЯ
   Р - СТРАНИЧНЫЙ СОММОN
   S - СЕКТОРНЫЙ СОММОN
   L - ПРОСТОЙ СОММОN
   ***** - ДЛИНА ОПИСАНА НЕЯВНО

   ВRLINЕ    L 00005 *GFВRО*
   ВRОКЕN    L 00005 *GFВRО*
   FULL      L 00005 *GFВRО*
   МОVЕ      L 00002 *GFАFТR*
            DL 00007 *GFАТRN*
             L 00002 *GFВFТR*
             L 00011 *GFВLАN*
   SУМВОL    L 00007 *GFАТRN*
                                                      18.05.19 М1
                     ИСПОЛЬЗОВАНИЕ СОММОN′ОВ


   Е - ЕСТЬ ОДНОИМЕННАЯ П/П
   D - РАССЫЛКА ДАННЫХ
   N - ОПИСАН, НЕ ИСПОЛЬЗУЕТСЯ
   Р - СТРАНИЧНЫЙ СОММОN
   S - СЕКТОРНЫЙ СОММОN
   L - ПРОСТОЙ СОММОN
   ***** - ДЛИНА ОПИСАНА НЕЯВНО

   *GFАFТR*    00002
             L 00002 МОVЕ
   *GFАТRN*    00007
            DL 00007 МОVЕ
             L 00007 SУМВОL
   *GFВFТR*    00002
             L 00002 МОVЕ
   *GFВLАN*    00011
             L 00011 МОVЕ
   *GFВRО*     00005
             L 00005 ВRLINЕ
             L 00005 ВRОКЕN
             L 00005 FULL
           *ЕND FILЕ
 КОНЕЦ ЗАДАЧИ
 00411: 00 074 0000	*74
