                                                      18.05.19 М1

  М О Н И Т О Р-8 0  (3.7)   25.09.84*       (  МС " Д У Б Н А " ИАЭ  )             ШИФР    419999000000







                     ЖЖЖ   ЖЖЖ  ЖЖЖЖ  ЖЖЖЖЖ          Ж  ЖЖЖЖЖ ЖЖЖЖЖ  ЖЖЖ
                    Ж   Ж Ж   Ж Ж        Ж          ЖЖ  Ж   Ж    Ж  Ж   Ж
                        Ж Ж   Ж ЖЖЖЖ    Ж          Ж Ж      Ж   Ж   Ж   Ж
                       Ж  Ж   Ж     Ж    Ж   ЖЖЖ     Ж     Ж     Ж  Ж   Ж
                      Ж   Ж   Ж     Ж     Ж          Ж    Ж       Ж Ж   Ж
                     Ж    Ж   Ж Ж   Ж Ж   Ж          Ж   Ж    Ж   Ж Ж   Ж
                    ЖЖЖЖЖ  ЖЖЖ   ЖЖЖ   ЖЖЖ          ЖЖЖ  Ж     ЖЖЖ   ЖЖЖ








*NАМЕ 2053-1730
           *РЕRSО: 401350
 04.10.84 М1
           *САLL LIВRЕFЕR:ТАРЕ=411730
                                                      18.05.19 М1
                     ССЫЛКИ НА ПОДПРОГРАММЫ


   D - РАССЫЛКА ДАННЫХ
   Е - ВНЕШНЯЯ П/П

   *УЕАR*   D
   ВЕGIN    DЕ АМОD
               DАУ
             Е R*SТ*I
   ВIОRIТ      DАУ
             Е FТ*002
             Е FТ*003
             Е FТ*541
             Е FТ*571
             Е R*SТ*I
             Е SТОР*
               SТRING
   DАУ      DЕ R*SТ*I
   DISКТRD   Е DАТАРR*
               Т8/10
               ТIМЕТ
   FОRМIR
   РRОGRАМ  (ВIОRIТ  )
   SТRING   D  ВЕGIN
               FОRМIR
             Е FТ*002
             Е FТ*003
             Е FТ*571
             Е МОD
             Е R*SТ*I
   Т8/10
   ТIМЕТ
                                                      18.05.19 М1
                     ИСПОЛЬЗОВАНИЕ ПОДПРОГРАММ


   Е - ВНЕШНЯЯ П/П
   N - ОПИСАНА, НЕ ИСПОЛЬЗУЕТСЯ
   С - ЕСТЬ ОДНОИМЕННЫЙ СОММОN

   НЕИСПОЛЬЗУЕМЫЕ ВХОДЫ

   *УЕАR*   С
   ВIОRIТ
   DISКТRD
   РRОGRАМ


   ИСПОЛЬЗУЕМЫЕ ВХОДЫ

   АМОD     Е  ВЕGIN
   ВЕGIN       SТRING
   DАТАРR*  Е  DISКТRD
   DАУ         ВЕGIN
               ВIОRIТ
   FОRМIR      SТRING
   FТ*002   Е  ВIОRIТ
               SТRING
   FТ*003   Е  ВIОRIТ
               SТRING
   FТ*541   Е  ВIОRIТ
   FТ*571   Е  ВIОRIТ
               SТRING
   МОD      Е  SТRING
   R*SТ*I   Е  ВЕGIN
               ВIОRIТ
               DАУ
               SТRING
   SТОР*    Е  ВIОRIТ
   SТRING      ВIОRIТ
   Т8/10       DISКТRD
   ТIМЕТ       DISКТRD
                                                      18.05.19 М1
                     ССЫЛКИ НА СОММОN′Ы


   D - РАССЫЛКА ДАННЫХ
   N - ОПИСАН, НЕ ИСПОЛЬЗУЕТСЯ
   Р - СТРАНИЧНЫЙ СОММОN
   S - СЕКТОРНЫЙ СОММОN
   L - ПРОСТОЙ СОММОN
   ***** - ДЛИНА ОПИСАНА НЕЯВНО

   ВЕGIN     L 00001 *DDАТА*
   ВIОRIТ    L 00001 *DDАТА*
             L 00001 *NУ*
            DL 00006 *ТЕХТ*
            DL 00001 *УЕАR*
   DАУ      DL 00012 *DМОN*
   DISКТRD   Р 01024 А
             L 00022 РIW
   РRОGRАМ  (ВIОRIТ  )
   SТRING    L 00012 *DМОN*
             L 00001 *NУ*
                                                      18.05.19 М1
                     ИСПОЛЬЗОВАНИЕ СОММОN′ОВ


   Е - ЕСТЬ ОДНОИМЕННАЯ П/П
   D - РАССЫЛКА ДАННЫХ
   N - ОПИСАН, НЕ ИСПОЛЬЗУЕТСЯ
   Р - СТРАНИЧНЫЙ СОММОN
   S - СЕКТОРНЫЙ СОММОN
   L - ПРОСТОЙ СОММОN
   ***** - ДЛИНА ОПИСАНА НЕЯВНО

   *DDАТА*     00001
             L 00001 ВЕGIN
             L 00001 ВIОRIТ
   *DМОN*      00012
            DL 00012 DАУ
             L 00012 SТRING
   *NУ*        00001
             L 00001 ВIОRIТ
             L 00001 SТRING
   *ТЕХТ*      00006
            DL 00006 ВIОRIТ
   *УЕАR*    Е 00001
            DL 00001 ВIОRIТ
   А           01024
             Р 01024 DISКТRD
   РIW         00022
             L 00022 DISКТRD
           *ЕND FILЕ
 КОНЕЦ ЗАДАЧИ
 00411: 00 074 0000	*74
