                                                      28.05.19 M1

  M O H И T O P-8 0  (3.7)   25.09.84*       (  MC " Д Y Б H A " ИAЭ  )             ШИФP    419999000000







                     ЖЖЖ     Ж      Ж  ЖЖЖ           Ж   ЖЖЖ     Ж      Ж
                    Ж   Ж   ЖЖ     ЖЖ Ж   Ж         ЖЖ  Ж       ЖЖ     ЖЖ
                        Ж  Ж Ж    Ж Ж  Ж Ж         Ж Ж  ЖЖЖЖ   Ж Ж    Ж Ж
                       Ж     Ж   Ж  Ж   Ж    ЖЖЖ     Ж  Ж   Ж    Ж   Ж  Ж
                      Ж      Ж  Ж   Ж  Ж Ж           Ж  Ж   Ж    Ж  Ж   Ж
                     Ж       Ж  ЖЖЖЖЖ Ж   Ж          Ж  Ж   Ж    Ж  ЖЖЖЖЖ
                    ЖЖЖЖЖ   ЖЖЖ     Ж  ЖЖЖ          ЖЖЖ  ЖЖЖ    ЖЖЖ     Ж








*NAME 2148-1614
           *PERSO: 401350
 04.10.84 M1
           *CALL LIBREFER:TAPE=411614
                                                      28.05.19 M1
                     CCЫЛKИ HA ПOДПPOГPAMMЫ                        LUN         CSP               RECO
                                                                             E FT*002            REF
                                           E PARAMT**                        E FT*003            SAVETASK
   D - PACCЫЛKA ДAHHЫX                     E PRINT8                          E FT*571            SERWISM     A/OCTDEC
   E - BHEШHЯЯ П/П                         E SIMFAIL*                          IZ                          E DATAPR*
                                           E TABSIMIS                          LINE                        E PRINT8//
   //CDCISO (//GOSISO)                     E ПEP6B81C                          PAK               STA/PRI   E PARAMT*
   //GOSISO                      EDI      D                                    PAS                           STLIBR*
   //IBMISO (//GOSISO)           EXCLIB   (INSLIB  )               MDL      (ANL     )           STATLIB*  E PARAMT*
   //ISOGOS (//GOSISO)           F/SD*     E LOADANGO              MREAD     E PRINT8                      E PRINT8
   A/LOADSD  E ERRCOUD*                    E LOADGO                          E READ*                       E READ*
   A/OCTDEC                                  LOADSD                          E STOP*             STATLIB  (INSLIB  )
   A/SD*     E A/LOADGO          F/SD     (A/SD    )                         E TTPRINTD          STLIBR*   E LUN*MON
               A/LOADSD          FLER                                        E TTREAD*D                      PRTSTT
             E ERRCOUD*          FOR                               MWRITE   (MREAD   )           STLIBR   (STLIBR* )
             E LOADANGO          FORAST   (CЛYГA2  )               NEWINF*   E LUN*MON           T*CALL    E PRINT8
   A/SD      E BLEXPRIN          GENTABL* (//GOSISO)                         E PARAMT*           T*END    (T*PARR  )
             E MONITOR*          GIVEME   (NEWSTR  )                         E READ*             T*GOTO    E FT*002
             E PARAMT*           HEADLT                            NEWLIB   (INSLIB  )                     E FT*003
             E STOP*             I10T8    (NEWSTR  )               NEWPLACE  E PARAMT*                     E FT*571
   ABEMSH   (DBEMSH  )           IDSTAT                                      E PRINT8            T*INDX    E FT*002
   ANL      DE FT*002            IFC      (PRIN    )               NEWSTR                                  E FT*003
             E FT*003            IFZ         CAT                   NOZ      (NZONE   )                     E FT*571
             E FT*571                        DIR                   NZONE                         T*LABL   (T*CALL  )
               IFZ                           FOR                   OCATALOG  E DATAPR*           T*PARR    E FT*002
               LUN                           LTX                             E PARAMT*                     E FT*003
               NOZ                           PRO                             E PRINT8                      E FT*571
               NZONE             INS                                           TEXISO                      E PRINT8
   ANL1     (ANL     )           INSALL   (INSLIB  )               OVLTOGP*  E LOADANGO          T*RETN   (T*CALL  )
   ANNUL                         INSLIB    E DATAPR*                         E LUN*MON           T*RPL     E FT*002
   ARA      DE FT*002                        LIBLIST                         E PARAMT*                     E FT*003
             E FT*003                      E MONREAD*                        E STLOAD*                     E FT*571
             E FT*611                      E OCTTDEC               PAGEPR   (PRIN    )           TCATALOG  E DATAPR*
               ISO                         E PRINT8                PAK      (PAS     )                     E OCTTDEC
               JOB                         E PT6                   PAS                                     E PARAMT*
               PRN                           RDSTAR                PASSFORM  E ISO/GOST                    E PRINT8//
               REF               IOLPDWT  DE AHID/*                          E PARAMT*           TCATDOR  (TCATALOG)
               TREAD                       E HID/*                           E PRINT8            TEXISO    E F/SRET
   BKЛCEK    E /IP*                        E ISO/GOST                        E READ*                       E F/SSTART
   BЫKCEK   (BKЛCEK  )                     E IWB1                  PCATALOG (TCATALOG)                     E INT
   CAT         RECO                        E STOP*                 PLCATALO (TCATALOG)                     E R*TO*I
   CATALOG* (TCATALOG)           IPЗБ      E F/FNOSV               PRIN      E PRINT8//          TR*OFF   (TR*ON   )
   CHEKPERS  E PARAMT*                     E F/FRETNR              PRN         DATA              TR*ON
             E PRINT8            ISO                                         E FT*002            TREAD
             E PT6               IZ       (NZONE   )                         E FT*003            UNP      (PAS     )
   CHR                           JOB         CHR                             E FT*611            WHATIS   DE FT*002
   CSF                                     E FT*002                          E I*DI*I                      E FT*003
   CSP      (CSF     )                     E FT*003                          E I*MU*I                      E FT*541
   CЛYГA       CЛYГA1                      E FT*611                            IFC                         E FT*571
   CЛYГA1   (CЛYГA2  )                       INS                               PAGEPR                        HEADLT
   CЛYГA2      CЛYГA3                        ISO                               PRIN                          I10T8
               FLER                          PRN                   PRO         RECO                          NEWSTR
   CЛYГA3    E READ*                         TREAD                 PRTSTT    E BCDENC*                       READCG
   DATA     (PRIN    )           LIBLIST                                     E BCDWRIT*
   DAЙCTA    E F/SNOSV           LIBREFER (TCATALOG)                           DAЙCTA
             E F/SRETNR          LINE                                        E F/SRET
               IPЗБ              LOADSD                                      E F/SSTART
   DBEMSH    E READ*             LTX      D  CSF                             E IOAC*
   DIR                                       CSP                             E IOCONT*
   DTRAN     E BOKHO                         EDI                             E IOEND*
             E DRUMTAP*                    E FT*003                          E R*TO*I
             E IDENT6                      E FT*571                            TEXISO
             E MONREAD*                      LINE                  RDSTAR
             E OKHO                          PAK                   READCG      GIVEME
             E PARAMT*                       PAS                             E PRINT8
                                                      28.05.19 M1
                     ИCПOЛЬЗOBAHИE ПOДПPOГPAMM                                 T*PARR                        DTRAN
                                                                               T*RPL                         NEWINF*
                                 TR*OFF                                        WHATIS                        NEWPLACE
   E - BHEШHЯЯ П/П               TR*ON                             FT*541   E  WHATIS                        OCATALOG
   N - OПИCAHA, HE ИCПOЛЬЗYETCЯ  UNP                               FT*571   E  ANL                           OVLTOGP*
   C - ECTЬ OДHOИMEHHЫЙ COMMON   WHATIS                                        LTX                           PASSFORM
                                                                               LUN                           STA/PRI
   HEИCПOЛЬЗYEMЫE BXOДЫ                                                        T*GOTO                        STATLIB*
                                 ИCПOЛЬЗYEMЫE BXOДЫ                            T*INDX                        TCATALOG
   //CDCISO                                                                    T*PARR            PAS         LTX
   //GOSISO                      /IP*     E  BKЛCEK                            T*RPL                         LUN
   //IBMISO                      A/LOADGO E  A/SD*                             WHATIS            PRIN        PRN
   //ISOGOS                      A/LOADSD    A/SD*                 FT*611   E  ARA               PRINT8   E  CHEKPERS
   A/SD*                         A/OCTDEC    SERWISM                           JOB                           DTRAN
   A/SD                          AHID/*   E  IOLPDWT                           PRN                           INSLIB
   ABEMSH                        BCDENC*  E  PRTSTT                GIVEME      READCG                        MREAD
   ANL                           BCDWRIT* E  PRTSTT                HEADLT      WHATIS                        NEWPLACE
   ANL1                          BLEXPRIN E  A/SD                  HID/*    E  IOLPDWT                       OCATALOG
   ANNUL                         BOKHO    E  DTRAN                 I*DI*I   E  PRN                           PASSFORM
   ARA                           CAT      C  IFZ                   I*MU*I   E  PRN                           READCG
   BKЛCEK                        CHR         JOB                   I10T8       WHATIS                        STATLIB*
   BЫKCEK                        CSF         LTX                   IDENT6   E  DTRAN                         T*CALL
   CATALOG*                      CSP         LTX                   IFC         PRN                           T*PARR
   CHEKPERS                                  LUN                   IFZ         ANL               PRINT8// E  PRIN
   CЛYГA                         CЛYГA1      CЛYГA                 INS         JOB                           SERWISM
   CЛYГA2                        CЛYГA3      CЛYГA2                INT      E  TEXISO                        TCATALOG
   DBEMSH                        DATA        PRN                   IOAC*    E  PRTSTT            PRN         ARA
   DTRAN                         DATAPR*  E  INSLIB                IOCONT*  E  PRTSTT                        JOB
   EXCLIB                                    OCATALOG              IOEND*   E  PRTSTT            PRO         IFZ
   F/SD*                                     SERWISM               IPЗБ        DAЙCTA            PRTSTT      STLIBR*
   F/SD                                      TCATALOG              ISO         ARA               PT6      E  CHEKPERS
   FORAST                        DAЙCTA      PRTSTT                            JOB                           INSLIB
   GENTABL*                      DIR         IFZ                   ISO/GOST E  IOLPDWT           R*TO*I   E  PRTSTT
   IDSTAT                        DRUMTAP* E  DTRAN                             PASSFORM                      TEXISO
   INSALL                        EDI         LTX                   IWB1     E  IOLPDWT           RDSTAR      INSLIB
   INSLIB                        ERRCOUD* E  A/LOADSD              IZ          LUN               READ*    E  CЛYГA3
   IOLPDWT                                 N A/SD*                 JOB         ARA                           DBEMSH
   LIBREFER                      F/FNOSV  E  IPЗБ                  LIBLIST     INSLIB                        MREAD
   MDL                           F/FRETNR E  IPЗБ                  LINE        LTX                           NEWINF*
   MREAD                         F/SNOSV  E  DAЙCTA                            LUN                           PASSFORM
   MWRITE                        F/SRET   E  PRTSTT                LOADANGO E  A/SD*                         STATLIB*
   NEWINF*                                   TEXISO                            F/SD*             READCG      WHATIS
   NEWLIB                        F/SRETNR E  DAЙCTA                            OVLTOGP*          RECO        CAT
   NEWPLACE                      F/SSTART E  PRTSTT                LOADGO   E  F/SD*                         PRO
   OCATALOG                                  TEXISO                LOADSD      F/SD*             REF         ARA
   OVLTOGP*                      FLER        CЛYГA2                LTX         IFZ               SIMFAIL* E  DTRAN
   PASSFORM                      FOR         IFZ                   LUN         ANL               STLIBR*     STA/PRI
   PCATALOG                      FT*002   E  ANL                   LUN*MON  E  NEWINF*           STLOAD*  E  OVLTOGP*
   PLCATALO                                  ARA                               OVLTOGP*          STOP*    E  A/SD
   SAVETASK                                  JOB                               STLIBR*                       IOLPDWT
   SERWISM                                   LUN                   MONITOR* E  A/SD                          MREAD
   STA/PRI                                   PRN                   MONREAD* E  DTRAN             TABSIMIS EN DTRAN
   STATLIB*                                  T*GOTO                            INSLIB            TEXISO      OCATALOG
   STATLIB                                   T*INDX                NEWSTR      WHATIS                        PRTSTT
   STLIBR                                    T*PARR                NOZ         ANL               TREAD       ARA
   T*CALL                                    T*RPL                 NZONE       ANL                           JOB
   T*END                                     WHATIS                OCTTDEC  E  INSLIB            TTPRINTD E  MREAD
   T*GOTO                        FT*003   E  ANL                               TCATALOG          TTREAD*D E  MREAD
   T*INDX                                    ARA                   OKHO     E  DTRAN             ПEP6B81C E  DTRAN
   T*LABL                                    JOB                   PAGEPR      PRN
   T*PARR                                    LTX                   PAK         LTX
   T*RETN                                    LUN                               LUN
   T*RPL                                     PRN                   PARAMT** EN DTRAN
   TCATALOG                                  T*GOTO                PARAMT*  E  A/SD
   TCATDOR                                   T*INDX                            CHEKPERS
                                                      28.05.19 M1
                     CCЫЛKИ HA COMMON′Ы                                     NL 00001 *NZ1*
                                                                             P 02048 *P*
                                           L ***** CATLOA**        STATLIB*  L 00014 *MONCRD*
   D - PACCЫЛKA ДAHHЫX                    NL 00001 MAIN*                     P 01024 LOADLIBR
   N - OПИCAH, HE ИCПOЛЬЗYETCЯ            NL 00001 TRNAME*         STATLIB  (INSLIB  )
   P - CTPAHИЧHЫЙ COMMON         F/SD     (A/SD    )               STLIBR*   P 02048 KATL
   S - CEKTOPHЫЙ COMMON          FLER      L 00001 ERROFLG*                  P 01024 LSTA
   L - ПPOCTOЙ COMMON            FOR       P 01024 **              STLIBR   (STLIBR* )
   ***** - ДЛИHA OПИCAHA HEЯBHO            L 00001 SUM             TCATALOG  L 00012 *MONCRD*
                                 FORAST   (CЛYГA2  )                         P 02048 CTLG
   A/LOADSD  L 00001 CATLOA**    GIVEME   (NEWSTR  )                         P 01024 ORDER
            NL 00001 TRNAME*     HEADLT    L 00003 *NAME*          TCATDOR  (TCATALOG)
   A/SD*     L 00001 ACC*        I10T8    (NEWSTR  )               TREAD     P 01024 BUF
            NL ***** CATLOA**    IDSTAT    L 00001 TSTATE*         WHATIS    L 00090 *CLNEWS*
            NL 00001 MAIN*       IFC      (PRIN    )                         L 00001 *FL*
            NL 00001 TRNAME*     INSALL   (INSLIB  )                        DL 00003 *NAME*
   A/SD      L 00001 ACC*        INSLIB    L 00002 DATA*                     L 00001 *NZ1*
             L 00001 ERROFLG*              L 00001 DRTAPE
             L 00001 LOADLIS*              L 00001 MONCARD*
             L 00001 MAIN*                 L 00002 WBEGFLAG
             L 00001 RM*         IOLPDWT   L 00001 RESTOP*
             L 00001 TRNAME*     ISO       L 00073 **
   ABEMSH   (DBEMSH  )           IZ       (NZONE   )
   ANL       L 00001 *J*         JOB       L 00073 **
             L 00001 *M*                   L 00006 *PAR*
   ANL1     (ANL     )           LIBREFER (TCATALOG)
   ANNUL     L 00005 A*          LINE      P 01024 **
   ARA       L 00006 *PAR*                 L 00085 *A*
   CAT       P 01024 **                    L 00014 MONCARD/
   CATALOG* (TCATALOG)           LOADSD    L 00001 CATLOA**
   CHEKPERS  L 00014 *MONCRD*             NL 00001 TRNAME*
             P 02048 BCAT        LTX       L 00085 *A*
             P 01024 BSUBP                 L 00001 *J*
   CSF       L 00085 *A*                   L 00001 *M*
   CSP      (CSF     )           LUN       L 00085 *A*
   CЛYГA     L 00001 *CЛYГA7*    MDL      (ANL     )
             L 00001 NOLISFL*    NEWINF*   L 00012 *MONCRD*
   CЛYГA1   (CЛYГA2  )                     P 01024 LB
   CЛYГA2    P 01026 *CЛYГ4*     NEWLIB   (INSLIB  )
             L 00014 *CЛYГA5*    NEWPLACE  L 00012 *MONCRD*
             L 00001 *CЛYГA7*              L 00003 MIST10*
   CЛYГA3    L 00014 *CЛYГA5*              P 02048 PAGE
   DATA     (PRIN    )           NEWSTR    L 00090 *CLNEWS*
   DBEMSH    P 01024 *ЛИCOБM*              L 00001 *NZ1*
             P 04096 *ЛИCPAБ*              P 02048 *P*
   DIR       P 01024 **                    L 00001 NOLISFL*
             L 00001 *J*         NOZ      (NZONE   )
   DTRAN     L 00012 *MONCRD*    NZONE     P 01024 **
             P 02048 CATALOG               L 00001 SUM
            NL 00001 FPARAMT*    OCATALOG  P 01024 CAT
             L 00064 INF/OP                L 00014 MONCARD*
             L 00100 LIBPRINT    OVLTOGP*  P 01024 BUF
             L 00003 MIST10*               L 00002 INFLOAD*
             L 00014 MONCARD*    PAGEPR   (PRIN    )
             L 00014 MONCARD/    PASSFORM  L 00014 A
             L 00001 NOLISFL*              P 08192 BUF
            NL 00001 OUT*OUT               L 00001 NOLISFL*
             P 06144 PAGE        PCATALOG (TCATALOG)
            NL 00001 STARSTA     PLCATALO (TCATALOG)
             L 01024 TAB         PRIN      L 00001 DATA*
             P 01024 TO*DRUM     PRN      DL 00015 *HEAD*
             L 00004 XPARAMT*    PRO       P 01024 **
   EDI       L 00085 *A*         RDSTAR    L 00001 DRTAPE
   EXCLIB   (INSLIB  )                     L 00002 WBEGFLAG
   F/SD*     L 00001 ACC*        READCG    L 00001 *FL*
                                                      28.05.19 M1
                     ИCПOЛЬЗOBAHИE COMMON′OB                                NL 00001 A/SD*
                                                                             L 00001 A/SD
                                           P 02048 READCG                   NL 00001 F/SD*
   E - ECTЬ OДHOИMEHHAЯ П/П      *PAR*       00006                 MIST10*     00003
   D - PACCЫЛKA ДAHHЫX                     L 00006 ARA                       L 00003 DTRAN
   N - OПИCAH, HE ИCПOЛЬЗYETCЯ             L 00006 JOB                       L 00003 NEWPLACE
   P - CTPAHИЧHЫЙ COMMON         *ЛИCOБM*    01024                 MONCARD*    00014
   S - CEKTOPHЫЙ COMMON                    P 01024 DBEMSH                    L 00014 DTRAN
   L - ПPOCTOЙ COMMON            *ЛИCPAБ*    04096                           L 00001 INSLIB
   ***** - ДЛИHA OПИCAHA HEЯBHO            P 04096 DBEMSH                    L 00014 OCATALOG
                                 A*          00005                 MONCARD/    00014
   **          01024                       L 00005 ANNUL                     L 00014 DTRAN
             P 01024 CAT         A           00014                           L 00014 LINE
             P 01024 DIR                   L 00014 PASSFORM        NOLISFL*    00001
             P 01024 FOR         ACC*        00001                           L 00001 CЛYГA
             L 00073 ISO                   L 00001 A/SD*                     L 00001 DTRAN
             L 00073 JOB                   L 00001 A/SD                      L 00001 NEWSTR
             P 01024 LINE                  L 00001 F/SD*                     L 00001 PASSFORM
             P 01024 NZONE       BCAT        02048                 ORDER       01024
             P 01024 PRO                   P 02048 CHEKPERS                  P 01024 TCATALOG
   *A*         00085             BSUBP       01024                 OUT*OUT     00001
             L 00085 CSF                   P 01024 CHEKPERS                 NL 00001 DTRAN
             L 00085 EDI         BUF         08192                 PAGE        06144
             L 00085 LINE                  P 01024 OVLTOGP*                  P 06144 DTRAN
             L 00085 LTX                   P 08192 PASSFORM                  P 02048 NEWPLACE
             L 00085 LUN                   P 01024 TREAD           RESTOP*     00001
   *CLNEWS*    00090             CAT       E 01024                           L 00001 IOLPDWT
             L 00090 NEWSTR                P 01024 OCATALOG        RM*         00001
             L 00090 WHATIS      CATALOG     02048                           L 00001 A/SD
   *CЛYГ4*     01026                       P 02048 DTRAN           STARSTA     00001
             P 01026 CЛYГA2      CATLOA**    *****                          NL 00001 DTRAN
   *CЛYГA5*    00014                       L 00001 A/LOADSD        SUM         00001
             L 00014 CЛYГA2               NL ***** A/SD*                     L 00001 FOR
             L 00014 CЛYГA3                L ***** F/SD*                     L 00001 NZONE
   *CЛYГA7*    00001                       L 00001 LOADSD          TAB         01024
             L 00001 CЛYГA       CTLG        02048                           L 01024 DTRAN
             L 00001 CЛYГA2                P 02048 TCATALOG        TO*DRUM     01024
   *FL*        00001             DATA*       00002                           P 01024 DTRAN
             L 00001 READCG                L 00002 INSLIB          TRNAME*     00001
             L 00001 WHATIS                L 00001 PRIN                     NL 00001 A/LOADSD
   *HEAD*      00015             DRTAPE      00001                          NL 00001 A/SD*
            DL 00015 PRN                   L 00001 INSLIB                    L 00001 A/SD
   *J*         00001                       L 00001 RDSTAR                   NL 00001 F/SD*
             L 00001 ANL         ERROFLG*    00001                          NL 00001 LOADSD
             L 00001 DIR                   L 00001 A/SD            TSTATE*     00001
             L 00001 LTX                   L 00001 FLER                      L 00001 IDSTAT
   *M*         00001             FPARAMT*    00001                 WBEGFLAG    00002
             L 00001 ANL                  NL 00001 DTRAN                     L 00002 INSLIB
             L 00001 LTX         INF/OP      00064                           L 00002 RDSTAR
   *MONCRD*    00014                       L 00064 DTRAN           XPARAMT*    00004
             L 00014 CHEKPERS    INFLOAD*    00002                           L 00004 DTRAN
             L 00012 DTRAN                 L 00002 OVLTOGP*
             L 00012 NEWINF*     KATL        02048
             L 00012 NEWPLACE              P 02048 STLIBR*
             L 00014 STATLIB*    LB          01024
             L 00012 TCATALOG              P 01024 NEWINF*
   *NAME*      00003             LIBPRINT    00100
             L 00003 HEADLT                L 00100 DTRAN
            DL 00003 WHATIS      LOADLIBR    01024
   *NZ1*       00001                       P 01024 STATLIB*
             L 00001 NEWSTR      LOADLIS*    00001
            NL 00001 READCG                L 00001 A/SD
             L 00001 WHATIS      LSTA        01024
   *P*         02048                       P 01024 STLIBR*
             P 02048 NEWSTR      MAIN*       00001
           *END FILE
 КОНЕЦ ЗАДАЧИ
 00411: 00 074 0000	*74
