                                                      28.05.19 M1

  M O H И T O P-8 0  (3.7)   25.09.84*       (  MC " Д Y Б H A " ИAЭ  )             ШИФP    419999000000







                     ЖЖЖ     Ж      Ж  ЖЖЖ           Ж   ЖЖЖ  ЖЖЖЖЖ  ЖЖЖ
                    Ж   Ж   ЖЖ     ЖЖ Ж   Ж         ЖЖ  Ж   Ж Ж   Ж Ж   Ж
                        Ж  Ж Ж    Ж Ж  Ж Ж         Ж Ж      Ж     Ж Ж   Ж
                       Ж     Ж   Ж  Ж   Ж    ЖЖЖ     Ж     Ж     Ж  Ж   Ж
                      Ж      Ж  Ж   Ж  Ж Ж           Ж    Ж     Ж   Ж   Ж
                     Ж       Ж  ЖЖЖЖЖ Ж   Ж          Ж   Ж     Ж    Ж   Ж
                    ЖЖЖЖЖ   ЖЖЖ     Ж  ЖЖЖ          ЖЖЖ ЖЖЖЖЖ  Ж     ЖЖЖ








*NAME 2148-1270
           *PERSO: 401350
 04.10.84 M1
           *CALL LIBREFER:TAPE=411270
                                                      28.05.19 M1
                     CCЫЛKИ HA ПOДПPOГPAMMЫ


   D - PACCЫЛKA ДAHHЫX
   E - BHEШHЯЯ П/П

   CЛYГA       CЛYГA1
               CЛYГA6
               FORAST
   CЛYГA1   (CЛYГA2  )
   CЛYГA2      CЛYГA3
   CЛYГA3    E READ*
   CЛYГA6
   FORAST   (CЛYГA2  )
                                                      28.05.19 M1
                     ИCПOЛЬЗOBAHИE ПOДПPOГPAMM


   E - BHEШHЯЯ П/П
   N - OПИCAHA, HE ИCПOЛЬЗYETCЯ
   C - ECTЬ OДHOИMEHHЫЙ COMMON

   HEИCПOЛЬЗYEMЫE BXOДЫ

   CЛYГA
   CЛYГA2


   ИCПOЛЬЗYEMЫE BXOДЫ

   CЛYГA1      CЛYГA
   CЛYГA3      CЛYГA2
   CЛYГA6      CЛYГA
   FORAST      CЛYГA
   READ*    E  CЛYГA3
                                                      28.05.19 M1
                     CCЫЛKИ HA COMMON′Ы


   D - PACCЫЛKA ДAHHЫX
   N - OПИCAH, HE ИCПOЛЬЗYETCЯ
   P - CTPAHИЧHЫЙ COMMON
   S - CEKTOPHЫЙ COMMON
   L - ПPOCTOЙ COMMON
   ***** - ДЛИHA OПИCAHA HEЯBHO

   CЛYГA1   (CЛYГA2  )
   CЛYГA2    P 01024 *CЛYГ4*
             L 00014 *CЛYГA5*
             L 00001 *CЛYГA7*
   CЛYГA3    L 00014 *CЛYГA5*
   CЛYГA6    L 00001 *CЛYГA7*
             L 00001 NOLISFL*
   FORAST   (CЛYГA2  )
                                                      28.05.19 M1
                     ИCПOЛЬЗOBAHИE COMMON′OB


   E - ECTЬ OДHOИMEHHAЯ П/П
   D - PACCЫЛKA ДAHHЫX
   N - OПИCAH, HE ИCПOЛЬЗYETCЯ
   P - CTPAHИЧHЫЙ COMMON
   S - CEKTOPHЫЙ COMMON
   L - ПPOCTOЙ COMMON
   ***** - ДЛИHA OПИCAHA HEЯBHO

   *CЛYГ4*     01024
             P 01024 CЛYГA2
   *CЛYГA5*    00014
             L 00014 CЛYГA2
             L 00014 CЛYГA3
   *CЛYГA7*    00001
             L 00001 CЛYГA2
             L 00001 CЛYГA6
   NOLISFL*    00001
             L 00001 CЛYГA6
           *END FILE
 КОНЕЦ ЗАДАЧИ
 00411: 00 074 0000	*74
