                                                      18.05.19 М1

  М О Н И Т О Р-8 0  (3.7)   25.09.84*       (  МС " Д У Б Н А " ИАЭ  )             ШИФР    419999000000







                     ЖЖЖ     Ж      Ж  ЖЖЖ           Ж  ЖЖЖЖ      Ж  ЖЖЖ
                    Ж   Ж   ЖЖ     ЖЖ Ж   Ж         ЖЖ  Ж        ЖЖ Ж   Ж
                        Ж  Ж Ж    Ж Ж  Ж Ж         Ж Ж  ЖЖЖЖ    Ж Ж Ж   Ж
                       Ж     Ж   Ж  Ж   Ж    ЖЖЖ     Ж      Ж  Ж  Ж Ж   Ж
                      Ж      Ж  Ж   Ж  Ж Ж           Ж      Ж Ж   Ж Ж   Ж
                     Ж       Ж  ЖЖЖЖЖ Ж   Ж          Ж  Ж   Ж ЖЖЖЖЖ Ж   Ж
                    ЖЖЖЖЖ   ЖЖЖ     Ж  ЖЖЖ          ЖЖЖ  ЖЖЖ      Ж  ЖЖЖ








*NАМЕ 2148-1540
           *РЕRSО: 401350
 04.10.84 М1
           *САLL LIВRЕFЕR:ТАРЕ=411540
                                                      18.05.19 М1
                     ССЫЛКИ НА ПОДПРОГРАММЫ

                                           Е FТ*571
   D - РАССЫЛКА ДАННЫХ                     Е РRINТ8
   Е - ВНЕШНЯЯ П/П               Т*RЕТN   (Т*САLL  )
                                 Т*RРL     Е FТ*002
   ВЬАN        ЬСRЬ                        Е FТ*003
               ЬЗПЬ                        Е FТ*571
   ВЬВIТ       ВЬМV              ТR*ОFF   (ТR*ОN   )
   ВЬСРАВ      ЬСРАВЬ            ТR*ОN
   ВЬGЕ        ВЬСРАВ            Ь8Ь
   ВЬGТ        ВЬСРАВ            ЬАNУЬ
   ВЬIN        ЬINЬ              ЬВВЬ
   ВЬLЕ        ВЬСРАВ            ЬСМЬ        ЬВВЬ
   ВЬLТ        ВЬСРАВ                        ЬСRЬ
   ВЬМV        ЬМVЬ                          ЬТRUЬ
   ВЬNА        ВЬАN                          ЬZZЬ
               ЬСRЬ              ЬСN48Ь
   ВЬNЕ        ВЬСРАВ            ЬСРАВЬ      ЬВВЬ
   ВЬNО        ВЬОR                          ЬСRЬ
               ЬСRЬ                          ЬТRUЬ
   ВЬNТ        ЬСRЬ                          ЬZZЬ
               ЬЗПЬ              ЬСRЬ        ЬСN48Ь
   ВЬNХ        ВЬХR              ЬGЕЬ        ЬСМЬ
               ЬСRЬ                          ЬСРАВЬ
   ВЬОR        ЬСRЬ                          ЬLЕЬ
               ЬЗПЬ              ЬGТЬ        ЬСМЬ
   ВЬVР        ЬСN48Ь                        ЬСРАВЬ
   ВЬХR        ЬСRЬ                          ЬLТЬ
               ЬЗПЬ              ЬINЬ        ЬСRЬ
   ВЬZВ        ЬМVЬ                          ЬДИНЬ
               ЬZZЬ                          ЬЦ0Ь
   СЬСРАВ      ЬСРАВЬ            ЬLЕЬ        ЬСМЬ
   СЬGЕ        СЬСРАВ                        ЬСРАВЬ
   СЬGТ        СЬСРАВ                        ЬGЕЬ
   СЬIN        ЬINЬ              ЬLIВСЬ
   СЬLЕ        СЬСРАВ            ЬLТЬ        ЬСМЬ
   СЬLТ        СЬСРАВ                        ЬСРАВЬ
   СЬМV        ЬМV8Ь                         ЬGТЬ
   СЬNЕ        СЬСРАВ            ЬМV8Ь       ЬМVЬ
   СЬVР        ВЬVР              ЬМVЬ        ЬСRЬ
   СЬZВ        ЬВВЬ                          ЬЗПЬ
               ЬМV8Ь             ЬNЕЬ        ЬСМЬ
   IЬАNУ       ЬАNУЬ                         ЬСРАВЬ
   IЬВIТ       ВЬМV              ЬТRUЬ
               ЬЦ0Ь              ЬZZЬ
   IЬСНАR      ЬLIВСЬ            ЬДИНЬ    (ЬСRЬ    )
               ЬЦ0Ь              ЬЗПЬ
   LЬВIТ       ЬLIВСЬ            ЬЦ0Ь
               ЬТRUЬ
   NЬАNУ       ЬАNУЬ
   NЬUN        ЬСRЬ
               ЬЦ0Ь
   РТG       Е РТG/G
   Т*САLL    Е РRINТ8
   Т*ЕND    (Т*РАRR  )
   Т*GОТО    Е FТ*002
             Е FТ*003
             Е FТ*571
   Т*INDХ    Е FТ*002
             Е FТ*003
             Е FТ*571
   Т*LАВL   (Т*САLL  )
   Т*РАRR    Е FТ*002
             Е FТ*003
                                                      18.05.19 М1
                     ИСПОЛЬЗОВАНИЕ ПОДПРОГРАММ                     ЬТRUЬ       LЬВIТ
                                                                               ЬСМЬ
                                             СЬGТ                              ЬСРАВЬ
   Е - ВНЕШНЯЯ П/П                           СЬLЕ                  ЬZZЬ        ВЬZВ
   N - ОПИСАНА, НЕ ИСПОЛЬЗУЕТСЯ              СЬLТ                              ЬСМЬ
   С - ЕСТЬ ОДНОИМЕННЫЙ СОММОN               СЬNЕ                              ЬСРАВЬ
                                 FТ*002   Е  Т*GОТО                ЬДИНЬ       ЬINЬ
   НЕИСПОЛЬЗУЕМЫЕ ВХОДЫ                      Т*INDХ                ЬЗПЬ        ВЬАN
                                             Т*РАRR                            ВЬNТ
   ВЬВIТ                                     Т*RРL                             ВЬОR
   ВЬGЕ                          FТ*003   Е  Т*GОТО                            ВЬХR
   ВЬGТ                                      Т*INDХ                            ЬМVЬ
   ВЬIN                                      Т*РАRR                ЬЦ0Ь        IЬВIТ
   ВЬLЕ                                      Т*RРL                             IЬСНАR
   ВЬLТ                          FТ*571   Е  Т*GОТО                            NЬUN
   ВЬNА                                      Т*INDХ                            ЬINЬ
   ВЬNЕ                                      Т*РАRR
   ВЬNО                                      Т*RРL
   ВЬNТ                          РRINТ8   Е  Т*САLL
   ВЬNХ                                      Т*РАRR
   ВЬZВ                          РТG/G    Е  РТG
   СЬGЕ                          ЬАNУЬ       IЬАNУ
   СЬGТ                                      NЬАNУ
   СЬIN                          ЬВВЬ        СЬZВ
   СЬLЕ                                      ЬСМЬ
   СЬLТ                                      ЬСРАВЬ
   СЬМV                          ЬСМЬ        ЬGЕЬ
   СЬNЕ                                      ЬGТЬ
   СЬVР                                      ЬLЕЬ
   СЬZВ                                      ЬLТЬ
   IЬАNУ                                     ЬNЕЬ
   IЬВIТ                         ЬСN48Ь      ВЬVР
   IЬСНАR                                    ЬСRЬ
   LЬВIТ                         ЬСРАВЬ      ВЬСРАВ
   NЬАNУ                                     СЬСРАВ
   NЬUN                                      ЬGЕЬ
   РТG                                       ЬGТЬ
   Т*САLL                                    ЬLЕЬ
   Т*ЕND                                     ЬLТЬ
   Т*GОТО                                    ЬNЕЬ
   Т*INDХ                        ЬСRЬ        ВЬАN
   Т*LАВL                                    ВЬNА
   Т*РАRR                                    ВЬNО
   Т*RЕТN                                    ВЬNТ
   Т*RРL                                     ВЬNХ
   ТR*ОFF                                    ВЬОR
   ТR*ОN                                     ВЬХR
   Ь8Ь                                       NЬUN
   ЬNЕЬ                                      ЬСМЬ
                                             ЬСРАВЬ
                                             ЬINЬ
   ИСПОЛЬЗУЕМЫЕ ВХОДЫ                        ЬМVЬ
                                 ЬGЕЬ        ЬLЕЬ
   ВЬАN        ВЬNА              ЬGТЬ        ЬLТЬ
   ВЬСРАВ      ВЬGЕ              ЬINЬ        ВЬIN
               ВЬGТ                          СЬIN
               ВЬLЕ              ЬLЕЬ        ЬGЕЬ
               ВЬLТ              ЬLIВСЬ      IЬСНАR
               ВЬNЕ                          LЬВIТ
   ВЬМV        ВЬВIТ             ЬLТЬ        ЬGТЬ
               IЬВIТ             ЬМV8Ь       СЬМV
   ВЬОR        ВЬNО                          СЬZВ
   ВЬVР        СЬVР              ЬМVЬ        ВЬМV
   ВЬХR        ВЬNХ                          ВЬZВ
   СЬСРАВ      СЬGЕ                          ЬМV8Ь
           *ЕND FILЕ
 КОНЕЦ ЗАДАЧИ
 00411: 00 074 0000	*74
