                                                      14.01.17 М1

  М О Н И Т О Р-8 0  (3.7)   25.09.84*       (  МС " Д У Б Н А " ИАЭ  )             ШИФР    419999000000







                    Ж   Ж Ж   Ж ЖЖЖЖ  ЖЖЖЖЖ  ЖЖЖ  ЖЖЖЖЖ  ЖЖЖ  Ж   Ж ЖЖЖЖ
                    Ж   Ж Ж   Ж Ж       Ж   Ж       Ж   Ж   Ж ЖЖ  Ж Ж
                    Ж   Ж ЖЖЖЖЖ ЖЖЖ     Ж    ЖЖЖ    Ж   Ж   Ж Ж Ж Ж ЖЖЖ
                    Ж   Ж Ж   Ж Ж       Ж       Ж   Ж   Ж   Ж Ж  ЖЖ Ж
                    Ж Ж Ж Ж   Ж Ж       Ж       Ж   Ж   Ж   Ж Ж   Ж Ж
                    Ж Ж Ж Ж   Ж Ж       Ж   Ж   Ж   Ж   Ж   Ж Ж   Ж Ж
                     Ж Ж  Ж   Ж ЖЖЖЖЖ   Ж    ЖЖЖ    Ж    ЖЖЖ  Ж   Ж ЖЖЖЖЖ








*NАМЕ WНЕТSТОNЕ
           *FULL LISТ
           *     ЕХРЕRIМЕNТ WIТН ТНЕ ТНRЕЕ (ОR FОUR) FОRТRАN СОМРILЕRS
           *     ВУ UNСОММЕNТING (RЕМОVING ТНЕ SРАСЕS АFТЕR ТНЕ АSТЕRISК)
           *     ОNЕ ОF ТНЕМ
           *     FОRТRАN
           *     FОRЕХ
           *ТRАNS:FОRЕХ3*,,411550
           *     FТN
           *     РRINТING МОDЕS:
           *     ВУ DЕFАULТ ТНЕ SОURСЕ СОDЕ АND ТНЕ SУМВОL ТАВLЕ FОR ТНЕ
           *     USЕR РRОGRАМ АRЕ РRINТЕD.
           *     NО LISТ DISАВLЕS SОURСЕ LISТING
           *     NО LОАD LISТ DISАВLЕS SУМТАВ LISТING
           *     FULL LISТ ЕNАВLЕS INТЕRМЕDIАТЕ RЕРRЕSЕNТАТIОN LISТING
           *     (АSSЕМВLЕR FОR FОRТRАN, АSSЕМВLЕR-LIКЕ РSЕUDОСОDЕ FОR FТN,
           *     А РSЕUDОСОDЕ WIТН RUSSIАN МNЕМОNIСS FОR FОRЕХ)
           *     SУSТЕМ LОАD LISТ ЕNАВLЕS РRINТING SУМВОL ТАВLЕS FОR АLL
           *     SUВРRОСЕSSЕS, INСLUDING СОМРILЕRS АND СОNТRОL DIRЕСТIVЕS
           *
           *РUNСН WILL ЕNАВLЕ РUNСНING ОF ОВJЕСТ МОDULЕS IN А NОN-ТЕХТ FОRМАТ
           *     (СОММАND LINЕ ОРТIОN --РUNСН=FILЕ IS NЕЕDЕD). ТНЕ СОNТЕNТS ОF ТНЕ
           *     РUNСН FILЕ САN ВЕ INСLUDЕD IN ТНЕ INРUТ ВАТСН LIТЕRАLLУ IF РUNСНЕD
           *     АS DОТS АND НОLЕS, ОR ВУ АN "INСLUDЕ" LINЕ, IF РUNСНЕD IN ВINАRУ:
           *     ’N
           *     WНЕRЕ N = 0..9 WILL ТАКЕ DАТА FRОМ FILЕ РUNСН.INN IN ТНЕ СURRЕNТ
           *     DIRЕСТОRУ
           *
 L         *     ОРТIМ - SЕТS А FLАG RЕQUЕSТING ОРТIМIZАТIОN; NОТ АLL СОМРILЕRS WIL
           *     НОNОR IТ
           *
                                                      14.01.17 М1
F О R Е Х ИПМ АН СССР 4.12 ОТ 25.06.85 ВРЕМЯ:  00.00               52                N9 = 616 * LООР
                                                                   53                N10 = 0
   1                РRОGRАМ WНТSТN                                 54                N11 = 93 * LООР
   2          С***********************************************     55          С
                                      ***********************      56          С       МОDULЕ 1: SIМРLЕ IDЕNТIFIЕRS
   3          С     ВЕNСНМАRК ≠2 -- SINGLЕ РRЕСISIОN WНЕТSТОNЕ     57          С
                                       (А001)                      58                Х1 = 1.0
   4          С                                                    59                Х2 = -1.0
   5          С     О ТНIS IS А RЕАL*4 VЕRSIОN ОF                  60                Х3 = -1.0
   6          С       ТНЕ WНЕТSТОNЕ ВЕNСНМАRК РRОGRАМ.             61                Х4 = -1.0
   7          С                                                    62          С
   8          С     О DО-LООР SЕМАNТIСS АRЕ АNSI-66 СОМРАТIВLЕ     63                IF (N1.ЕQ.0) GО ТО 35
                                      .                            64                  DО 30 I=1,N1
   9          С                                                    65                    Х1 = (Х1 + Х2 + Х3 - Х4)*Т
  10          С     О FINАL МЕАSURЕМЕNТS АRЕ ТО ВЕ МАDЕ WIТН А     66                    Х2 = (Х1 + Х2 - Х3 + Х4)*Т
                                      LL                           67                    Х3 = (Х1 - Х2 + Х3 + Х4)*Т
  11          С       WRIТЕ SТАТЕМЕNТS АND FОRМАТ SТТЕМЕNТS RЕ     68                    Х4 = (-Х1 + Х2 + Х3 + Х4)*Т
                                      МОVЕD.                       69             30   СОNТINUЕ
  12          С                                                    70             35 СОNТINUЕ
  13          С***********************************************     71          С
                                      ***********************      72                IF (JJ.ЕQ.II)САLL РОUТ(N1,N1,N1,Х1,Х2,Х3,Х
  14          С                                                                                        4)
  15                СОММОN Т,Т1,Т2,Е1(4),J,К,L                     73          С
  16                СОММОN/РТIМЕ/РТIМЕ,ТIМЕ0                       74          С       МОDULЕ 2: АRRАУ ЕLЕМЕNТS
  17                RЕАL ТIМЕ0,ТIМЕ1,WАLLТМ,РТIМЕ                  75          С
  18          С                                                    76                Е1(1) = 1.0
  19                РRINТ 1                                        77                Е1(2) = -1.0
  20             1  FОRМАТ(/′ ВЕNСНМАRК ≠2 -- SINGLЕ РRЕСISIОN     78                Е1(3) = -1.0
                                       WНЕТSТОNЕ (А001)′)          79                Е1(4) = -1.0
  21          С                                                    80          С
  22          С       SТАRТ ВЕNСНМАRК ТIМING АТ ТНIS РОINТ.        81                IF (N2.ЕQ.0) GО ТО 45
  23          С                                                    82                  DО 40 I=1,N2
  24                ТIМЕ0 = WАLLТМ(0)                              83                  Е1(1) = (Е1(1) + Е1(2) + Е1(3) - Е1(4))*
  25                РТIМЕ = ТIМЕ0                                                                      Т
  26          С                                                    84                  Е1(2) = (Е1(1) + Е1(2) - Е1(3) + Е1(4))*
  27          С       ТНЕ АСТUАL ВЕNСНМАRК SТАRТS НЕRЕ.                                                Т
  28          С                                                    85                  Е1(3) = (Е1(1) - Е1(2) + Е1(3) + Е1(4))*
  29                Т = .499975                                                                        Т
  30                Т1 = 0.50025                                   86                  Е1(4) = (-Е1(1) + Е1(2) + Е1(3) + Е1(4))
  31                Т2 = 2.0                                                                           *Т
  32          С                                                    87             40           СОNТINUЕ
  33          С       WIТН LООРСОUNТ LООР=10, ОNЕ МILLIОN WНЕТ     88             45   СОNТINUЕ
                                      SТОNЕ INSТRUСТIОNS           89          С
  34          С       WILL ВЕ ЕХЕСUТЕD IN ЕАСН МАJОR LООР..А М     90                IF (JJ.ЕQ.II)САLL РОUТ(N2,N3,N2,Е1(1),Е1(2
                                      АJОR LООР IS ЕХЕСUТЕD                                            ),Е1(3),Е1(4))
  35          С       ′II′ ТIМЕS ТО INСRЕАSЕ WАLL-СLОСК ТIМING     91          С
                                       АССURАСУ.                   92          С       МОDULЕ 3: АRRАУ АS РАRАМЕТЕR
  36          С                                                    93          С
  37                LООР = 1000                                    94                IF (N3.ЕQ.0) GО ТО 59
  38                II   = 1                                       95                  DО 50 I=1,N3
  39          С                                                    96                  САLL РА(Е1)
  40                DО 500 JJ=1,II                                 97             50           СОNТINUЕ
  41          С                                                    98             59   СОNТINUЕ
  42          С       ЕSТАВLISН ТНЕ RЕLАТIVЕ LООР СОUNТS ОF ЕА     99          С
                                      СН МОDULЕ.                  100                IF (JJ.ЕQ.II)САLL РОUТ(N3,N2,N2,Е1(1),Е1(2
  43          С                                                                                        ),Е1(3),Е1(4))
  44                N1 = 0                                        101          С
  45                N2 = 12 * LООР                                102          С       МОDULЕ 4: СОNDIТIОNАL JUМРS
  46                N3 = 14 * LООР                                103          С
  47                N4 = 345 * LООР                               104                J = 1
  48                N5 = 0                                        105                IF (N4.ЕQ.0) GО ТО 65
  49                N6 = 210 * LООР                               106                  DО 60 I=1,N4
  50                N7 = 32 * LООР                                107                  IF (J.ЕQ.1) GО ТО 51
  51                N8 = 899 * LООР                               108                  J = 3

 109                  GО ТО 52                                    170          С
 110          51              J = 2                               171          С       МОDULЕ 9: АRRАУ RЕFЕRЕNСЕS
 111          52              IF (J.GТ.2) GО ТО 53                172          С
 112                  J = 1                                       173                J = 1
 113                  GО ТО 54                                    174                К = 2
 114          53              J = 0                               175                L = 3
 115          54              IF (J.LТ.1) GО ТО 55                176                Е1(1) = 1.0
 116                  J = 0                                       177                Е1(2) = 2.0
 117                  GО ТО 60                                    178                Е1(3) = 3.0
 118          55              J = 1                               179          С
 119             60           СОNТINUЕ                            180                IF (N9.ЕQ.0) GО ТО 105
 120             65   СОNТINUЕ                                    181                  DО 100  I=1,N9
 121          С                                                   182                  САLL Р0
 122                IF (JJ.ЕQ.II)САLL РОUТ(N4,J,J,Х1,Х2,Х3,Х4)    183            100           СОNТINUЕ
 123          С                                                   184            105   СОNТINUЕ
 124          С       МОDULЕ 5: ОМIТТЕD                           185          С
 125          С       МОDULЕ 6: INТЕGЕR АRIТНМЕТIС                186                IF (JJ.ЕQ.II)САLL РОUТ(N9,J,К,Е1(1),Е1(2),
 126          С                                                                                        Е1(3),Е1(4))
 127                J = 1                                         187          С
 128                К = 2                                         188          С       МОDULЕ 10: INТЕGЕR АRIТНМЕТIС
 129                L = 3                                         189          С
 130          С                                                   190                J = 2
 131                IF (N6.ЕQ.0) GО ТО 75                         191                К = 3
 132                  DО 70 I=1,N6                                192          С
 133                  J = J * (К-J) * (L-К)                       193                IF (N10.ЕQ.0) GО ТО 115
 134                  К = L * К - (L-J) * К                       194                  DО 110 I=1,N10
 135                  L = (L - К) * (К + J)                       195                  J = J + К
 136                  Е1(L-1) = J + К + L                         196                  К = J + К
 137                  Е1(К-1) = J * К * L                         197                  J = К - J
 138             70           СОNТINUЕ                            198                  К = К - J - J
 139             75   СОNТINUЕ                                    199            110           СОNТINUЕ
 140          С                                                   200            115   СОNТINUЕ
 141                IF (JJ.ЕQ.II)САLL РОUТ(N6,J,К,Е1(1),Е1(2),    201          С
                                      Е1(3),Е1(4))                202                IF (JJ.ЕQ.II)САLL РОUТ(N10,J,К,Х1,Х2,Х3,Х4
 142          С                                                                                        )
 143          С       МОDULЕ 7: ТRIGОNОМЕТRIС FUNСТIОNS           203          С
 144          С                                                   204          С       МОDULЕ 11: SТАNDАRD FUNСТIОNS
 145                Х = 0.5                                       205          С
 146                У = 0.5                                       206                Х = 0.75
 147          С                                                   207          С
 148                IF (N7.ЕQ.0) GО ТО 85                         208                IF (N11.ЕQ.0) GО ТО 125
 149                  DО 80 I=1,N7                                209                  DО 120 I=1,N11
 150                  Х=Т*АТАN(Т2*SIN(Х)*СОS(Х)/(СОS(Х+У)+СОS(    210                  Х = SQRТ(ЕХР(АLОG(Х)/Т1))
                                      Х-У)-1.0))                  211            120           СОNТINUЕ
 151                  У=Т*АТАN(Т2*SIN(У)*СОS(У)/(СОS(Х+У)+СОS(    212            125   СОNТINUЕ
                                      Х-У)-1.0))                  213          С
 152             80           СОNТINUЕ                            214                IF (JJ.ЕQ.II)САLL РОUТ(N11,J,К,Х,Х,Х,Х)
 153             85   СОNТINUЕ                                    215          С
 154          С                                                   216          С      ТНIS IS ТНЕ ЕND ОF ТНЕ МАJОR LООР.
 155                IF (JJ.ЕQ.II)САLL РОUТ(N7,J,К,Х,Х,У,У)        217          С
 156          С                                                   218          500     СОNТINUЕ
 157          С       МОDULЕ 8: РRОСЕDURЕ САLLS                   219          С
 158          С                                                   220          С      SТОР ВЕNСНМАRК ТIМING АТ ТНIS РОINТ.
 159                Х = 1.0                                       221          С
 160                У = 1.0                                       222                ТIМЕ1 = WАLLТМ(0)
 161                Z = 1.0                                       223          С-----------------------------------------------
 162          С                                                                                        -----------------
 163                IF (N8.ЕQ.0) GО ТО 95                         224          С      РЕRFОRМАNСЕ IN WНЕТSТОNЕ КIР′S РЕR SЕСОND
 164                  DО 90 I=1,N8                                                                      IS GIVЕN ВУ
 165                  САLL Р3(Х,У,Z)                              225          С
 166             90           СОNТINUЕ                            226          С       (100*LООР*II)/ТIМЕ
 167             95   СОNТINUЕ                                    227          С
 168          С                                                   228          С      WНЕRЕ ТIМЕ IS IN SЕСОNDS.
 169                IF (JJ.ЕQ.II)САLL РОUТ(N8,J,К,Х,У,Z,Z)        229          С-----------------------------------------------


                                      ---------------------       00036            ЗП    N7
 230                NINТ = (100*LООР*II)/(ТIМЕ1-ТIМЕ0)                             РЖА   ′00006′
 231                РRINТ 1000, NINТ                              00037            СЧ    LООР
 232          1000  FОRМАТ (23Н SINGLЕ WНЕТSТОNЕ КIРS I6)                          УМН   = .899000Е 03
 233                ЕND                                           00040            РЖА   ′00013′
 234          С                                                                    СЛ    =     0
 00000            УИИ   ′00010′(′07′)                             00041            ЗП    N8
                  ПВ    ВЕGIN (′11′)                                               РЖА   ′00022′
 00001   /0001/   УИА   1    :(′16′)                              00042            СЧ    LООР
                  СЧИМ  ′00016′                                                    УМН   = .616000Е 03
 00002            РЖА   ′00006′                                   00043            РЖА   ′00013′
                  ПВ    FТ*571(′15′)                                               СЛ    =     0
 00003            ПВ    FТ*003(′15′)                              00044            ЗП    N9
 00004            СЧ    =А(=     0)                                                СЧ    =     0
                  УИА   ′00001′(′16′)                             00045            ЗП    N10
 00005            ПВ    WАLLТМ(′15′)                                               РЖА   ′00006′
 00006            УИА   РТIМЕ +′07777′(′06′)                      00046            СЧ    LООР
                  ЗП    ′70002′(′06′)                                              УМН   = .930000Е 02
 00007            ЗП    ′70001′(′06′)                             00047            РЖА   ′00013′
                  СЧ    = .499975Е 0                                               СЛ    =     0
 00010            УИА   Т     +′07777′(′05′)                      00050            ЗП    N11
                  ЗП    ′70001′(′05′)                                              СЧ    = .100000Е 01
 00011            СЧ    = .500250Е 0                              00051            ЗП    Х1
                  ЗП    ′70002′(′05′)                                              СЧ    =-.100000Е 01
 00012            СЧ    = .200000Е 01                             00052            ЗП    Х2
                  ЗП    ′70003′(′05′)                                              ЗП    Х3
 00013            СЧ    =  1000                                   00053            ЗП    Х4
                  ЗП    LООР                                                       СЧ    N1
 00014            СЧ    =     1                                   00054            НТЖ   =     0
                  ЗП    II                                                         ПО    35   :
 00015            СЧ    =     1                                   00055            СЧ    =     1
                  ЗП    JJ                                                         ЗП    I
 00016   /0004/   СЧ    =     0                                   00056   /0005/   РЖА   ′00002′
                  ЗП    N1                                                         СЧ    Х1
 00017            РЖА   ′00006′                                   00057            СЛ    Х2
                  СЧ    LООР                                                       СЛ    Х3
 00020            УМН   = .120000Е 02                             00060            ВЧ    Х4
                  РЖА   ′00013′                                                    УИА   Т     +′07777′(′14′)
 00021            СЛ    =     0                                   00061            УМН   ′70001′(′14′)
                  ЗП    N2                                                         ЗП    Х1
 00022            РЖА   ′00022′                                   00062            СЛ    Х2
                  СЧ    LООР                                                       ВЧ    Х3
 00023            УМН   = .140000Е 02                             00063            СЛ    Х4
                  РЖА   ′00013′                                                    УМН   ′70001′(′14′)
 00024            СЛ    =     0                                   00064            ЗП    Х2
                  ЗП    N3                                                         ВЧОБ  Х1
 00025            РЖА   ′00022′                                   00065            СЛ    Х3
                  СЧ    LООР                                                       СЛ    Х4
 00026            УМН   = .345000Е 03                             00066            УМН   ′70001′(′14′)
                  РЖА   ′00013′                                                    ЗП    Х3
 00027            СЛ    =     0                                   00067            СЧ    Х2
                  ЗП    N4                                                         ВЧ    Х1
 00030            СЧ    =     0                                   00070            СЛ    Х3
                  ЗП    N5                                                         СЛ    Х4
 00031            РЖА   ′00006′                                   00071            УМН   ′70001′(′14′)
                  СЧ    LООР                                                       ЗП    Х4
 00032            УМН   = .210000Е 03                             00072   30   :   РЖА   ′00003′
                  РЖА   ′00013′                                                    СЧ    I
 00033            СЛ    =     0                                   00073            СЛ    =     1
                  ЗП    N6                                                         ЗП    I
 00034            СЧ    LООР                                      00074            ВЧОБ  N1
                  СДА   ′00073′                                                    ПО    /0005/
 00035            И     =    -1                                   00075   35   :   СЧ    JJ
                  ИЛИ   =     0                                                    НТЖ   II


 00076            ПЕ    /0006/                                    00137            МОДА  ′00001′(′06′)
         /0007/   СЧМ   =А(N1    )                                                 УИА   (′16′)
 00077            СЧМ   =А(N1    )                                00140            СЧИМ  ′00016′
                  СЧМ   =А(N1    )                                                 МОДА  ′00002′(′06′)
 00100            СЧМ   =А(Х1    )                                00141            УИА   (′16′)
                  СЧМ   =А(Х2    )                                                 СЧИМ  ′00016′
 00101            СЧМ   =А(Х3    )                                00142            МОДА  ′00003′(′06′)
                  СЧМ   =А(Х4    )                                                 УИА   (′16′)
 00102            РЖА   ′00006′                                   00143            СЧИМ  ′00016′
                  УИА   ′00007′(′16′)                                              РЖА   ′00006′
 00103            ПВ    РОUТ  (′15′)                              00144            УИА   ′00007′(′16′)
 00104   /0006/   УИА   Е1    (′06′)                                               ПВ    РОUТ  (′15′)
                  СЧ    = .100000Е 01                             00145   /0011/   СЧ    N3
 00105            ЗП    (′06′)                                                     НТЖ   =     0
                  СЧ    =-.100000Е 01                             00146            ПО    59   :
 00106            ЗП    ′00001′(′06′)                                              СЧ    =     1
                  ЗП    ′00002′(′06′)                             00147            ЗП    I
 00107            ЗП    ′00003′(′06′)                             00150   /0013/   СЧМ   =А(Е1    )
                  СЧ    N2                                                         РЖА   ′00006′
 00110            НТЖ   =     0                                   00151            УИА   ′00001′(′16′)
                  ПО    45   :                                                     ПВ    РА    (′15′)
 00111            СЧ    =     1                                   00152   50   :   РЖА   ′00003′
                  ЗП    I                                                          СЧ    I
 00112            УИА   Е1    (′14′)                              00153            СЛ    =     1
 00113   /0010/   РЖА   ′00002′                                                    ЗП    I
                  СЧ    (′14′)                                    00154            ВЧОБ  N3
 00114            СЛ    ′00001′(′14′)                                              ПО    /0013/
                  СЛ    ′00002′(′14′)                             00155   59   :   СЧ    JJ
 00115            ВЧ    ′00003′(′14′)                                              НТЖ   II
                  УИА   Т     +′07777′(′13′)                      00156            ПЕ    /0014/
 00116            УМН   ′70001′(′13′)                                     /0015/   СЧМ   =А(N3    )
                  ЗП    (′14′)                                    00157            СЧМ   =А(N2    )
 00117            СЧ    (′14′)                                                     СЧМ   =А(N2    )
                  СЛ    ′00001′(′14′)                             00160            УИА   Е1    (′06′)
 00120            ВЧ    ′00002′(′14′)                                              СЧИМ  ′00006′
                  СЛ    ′00003′(′14′)                             00161            МОДА  ′00001′(′06′)
 00121            УМН   ′70001′(′13′)                                              УИА   (′16′)
                  ЗП    ′00001′(′14′)                             00162            СЧИМ  ′00016′
 00122            СЧ    (′14′)                                                     МОДА  ′00002′(′06′)
                  ВЧ    ′00001′(′14′)                             00163            УИА   (′16′)
 00123            СЛ    ′00002′(′14′)                                              СЧИМ  ′00016′
                  СЛ    ′00003′(′14′)                             00164            МОДА  ′00003′(′06′)
 00124            УМН   ′70001′(′13′)                                              УИА   (′16′)
                  ЗП    ′00002′(′14′)                             00165            СЧИМ  ′00016′
 00125            СЧ    ′00001′(′14′)                                              РЖА   ′00006′
                  ВЧ    (′14′)                                    00166            УИА   ′00007′(′16′)
 00126            СЛ    ′00002′(′14′)                                              ПВ    РОUТ  (′15′)
                  СЛ    ′00003′(′14′)                             00167   /0014/   СЧ    =     1
 00127            УМН   ′70001′(′13′)                                              УИА   Т     +′07777′(′06′)
                  ЗП    ′00003′(′14′)                             00170            ЗП    ′70010′(′06′)
 00130   40   :   РЖА   ′00003′                                                    СЧ    N4
                  СЧ    I                                         00171            НТЖ   =     0
 00131            СЛ    =     1                                                    ПО    65   :
                  ЗП    I                                         00172            СЧ    =     1
 00132            ВЧОБ  N2                                                         ЗП    I
                  ПО    /0010/                                    00173   /0016/   УИА   Т     +′07777′(′14′)
 00133   45   :   СЧ    JJ                                                         СЧ    ′70010′(′14′)
                  НТЖ   II                                        00174            НТЖ   =     1
 00134            ПЕ    /0011/                                                     ПО    51   :
         /0012/   СЧМ   =А(N2    )                                00175            СЧ    =     3
 00135            СЧМ   =А(N3    )                                                 ЗП    ′70010′(′14′)
                  СЧМ   =А(N2    )                                00176            ПБ    52   :
 00136            УИА   Е1    (′06′)                              00177   51   :   СЧ    =     2
                  СЧИМ  ′00006′                                                    УИА   Т     +′07777′(′14′)


 00200            ЗП    ′70010′(′14′)                             00242            СЛ    =     0
 00201   52   :   РЖА   ′00003′                                                    ЗП    ′70010′(′14′)
                  СЧ    =     2                                   00243            ВЧОБ  ′70012′(′14′)
 00202            УИА   Т     +′07777′(′14′)                                       РЖА   ′00022′
                  ВЧ    ′70010′(′14′)                             00244            УМН   ′70011′(′14′)
 00203            ПЕ    53   :                                                     СЧМ   ′70011′(′14′)
                  СЧ    =     1                                   00245            УМН   ′70012′(′14′)
 00204            ЗП    ′70010′(′14′)                                              РЖА   ′00013′
                  ПБ    54   :                                    00246            СЛ    =     0
 00205   53   :   СЧ    =     0                                                    ВЧ    (′17′)
                  УИА   Т     +′07777′(′14′)                      00247            ЗП    ′70011′(′14′)
 00206            ЗП    ′70010′(′14′)                                              СЛ    ′70010′(′14′)
 00207   54   :   РЖА   ′00003′                                   00250            ЗП    Т*0000
                  УИА   Т     +′07777′(′14′)                                       СЧ    ′70012′(′14′)
 00210            СЧ    ′70010′(′14′)                             00251            ВЧ    ′70011′(′14′)
                  СЛ    =    -1                                                    РЖА   ′00022′
 00211            ПЕ    55   :                                    00252            УМН   Т*0000
                  СЧ    =     0                                                    РЖА   ′00013′
 00212            ЗП    ′70010′(′14′)                             00253            СЛ    =     0
                  ПБ    60   :                                                     ЗП    ′70012′(′14′)
 00213   55   :   СЧ    =     1                                   00254            УИ    ′00013′
                  УИА   Т     +′07777′(′14′)                                       СЛ    Т*0000
 00214            ЗП    ′70010′(′14′)                             00255            РЖА   ′00022′
 00215   60   :   РЖА   ′00003′                                                    СЛПА  ′00100′
                  СЧ    I                                         00256            МОДА  Е1    +′77776′(′13′)
 00216            СЛ    =     1                                                    ЗП
                  ЗП    I                                         00257            МОД   ′70011′(′14′)
 00217            ВЧОБ  N4                                                         УИА   (′12′)
                  ПО    /0016/                                    00260            СЧ    ′70010′(′14′)
 00220   65   :   СЧ    JJ                                                         УМН   ′70011′(′14′)
                  НТЖ   II                                        00261            УМН   ′70012′(′14′)
 00221            ПЕ    /0017/                                                     РЖА   ′00013′
         /0020/   СЧМ   =А(N4    )                                00262            СЛ    =     0
 00222            СЧМ   =А(J     )                                                 РЖА   ′00022′
                  СЧМ   =А(J     )                                00263            СЛПА  ′00100′
 00223            СЧМ   =А(Х1    )                                                 МОДА  Е1    +′77776′(′12′)
                  СЧМ   =А(Х2    )                                00264            ЗП
 00224            СЧМ   =А(Х3    )                                        70   :   РЖА   ′00003′
                  СЧМ   =А(Х4    )                                00265            СЧ    I
 00225            РЖА   ′00006′                                                    СЛ    =     1
                  УИА   ′00007′(′16′)                             00266            ЗП    I
 00226            ПВ    РОUТ  (′15′)                                               ВЧОБ  N6
 00227   /0017/   СЧ    =     1                                   00267            ПО    /0021/
                  УИА   Т     +′07777′(′06′)                      00270   75   :   СЧ    JJ
 00230            ЗП    ′70010′(′06′)                                              НТЖ   II
                  СЧ    =     2                                   00271            ПЕ    /0022/
 00231            ЗП    ′70011′(′06′)                                     /0023/   СЧМ   =А(N6    )
                  СЧ    =     3                                   00272            СЧМ   =А(J     )
 00232            ЗП    ′70012′(′06′)                                              СЧМ   =А(К     )
                  СЧ    N6                                        00273            УИА   Е1    (′06′)
 00233            НТЖ   =     0                                                    СЧИМ  ′00006′
                  ПО    75   :                                    00274            МОДА  ′00001′(′06′)
 00234            СЧ    =     1                                                    УИА   (′16′)
                  ЗП    I                                         00275            СЧИМ  ′00016′
 00235   /0021/   РЖА   ′00003′                                                    МОДА  ′00002′(′06′)
                  УИА   Т     +′07777′(′14′)                      00276            УИА   (′16′)
 00236            СЧ    ′70012′(′14′)                                              СЧИМ  ′00016′
                  ВЧ    ′70011′(′14′)                             00277            МОДА  ′00003′(′06′)
 00237            СЧМ   ′70011′(′14′)                                              УИА   (′16′)
                  ВЧ    ′70010′(′14′)                             00300            СЧИМ  ′00016′
 00240            РЖА   ′00022′                                                    РЖА   ′00006′
                  УМН   ′70010′(′14′)                             00301            УИА   ′00007′(′16′)
 00241            УМН   (′17′)                                                     ПВ    РОUТ  (′15′)
                  РЖА   ′00013′                                   00302   /0022/   СЧ    = .500000Е 0


                  ЗП    Х                                                          ЗП    Х
 00303            ЗП    У                                         00345            ЗП    У
                  СЧ    N7                                                         ЗП    Z
 00304            НТЖ   =     0                                   00346            СЧ    N8
                  ПО    85   :                                                     НТЖ   =     0
 00305            СЧ    =     1                                   00347            ПО    95   :
                  ЗП    I                                                          СЧ    =     1
 00306   /0024/   РЖА   ′00002′                                   00350            ЗП    I
                  СЧ    Х                                         00351   /0027/   СЧМ   =А(Х     )
 00307            ВЧ    У                                                          СЧМ   =А(У     )
                  Э50   ′00002′                                   00352            СЧМ   =А(Z     )
 00310            СЧМ   Х                                                          РЖА   ′00006′
                  СЛ    У                                         00353            УИА   ′00003′(′16′)
 00311            Э50   ′00002′                                                    ПВ    Р3    (′15′)
 00312            СЛ    (′17′)                                    00354   90   :   РЖА   ′00003′
                  СЛ    =-.100000Е 01                                              СЧ    I
 00313            СЧМ   Х                                         00355            СЛ    =     1
                  Э50   ′00002′                                                    ЗП    I
 00314            СЧМ   Х                                         00356            ВЧОБ  N8
                  Э50   ′00001′                                                    ПО    /0027/
 00315            УИА   Т     +′07777′(′14′)                      00357   95   :   СЧ    JJ
                  УМН   ′70003′(′14′)                                              НТЖ   II
 00316            УМН   (′17′)                                    00360            ПЕ    /0030/
                  ДЕЛ   (′17′)                                            /0031/   СЧМ   =А(N8    )
 00317            Э50   ′00003′                                   00361            СЧМ   =А(J     )
 00320            УМН   ′70001′(′14′)                                              СЧМ   =А(К     )
                  ЗП    Х                                         00362            СЧМ   =А(Х     )
 00321            ВЧ    У                                                          СЧМ   =А(У     )
                  Э50   ′00002′                                   00363            СЧМ   =А(Z     )
 00322            СЧМ   У                                                          СЧМ   =А(Z     )
                  СЛ    Х                                         00364            РЖА   ′00006′
 00323            Э50   ′00002′                                                    УИА   ′00007′(′16′)
 00324            СЛ    (′17′)                                    00365            ПВ    РОUТ  (′15′)
                  СЛ    =-.100000Е 01                             00366   /0030/   СЧ    =     1
 00325            СЧМ   У                                                          УИА   Т     +′07777′(′06′)
                  Э50   ′00002′                                   00367            ЗП    ′70010′(′06′)
 00326            СЧМ   У                                                          СЧ    =     2
                  Э50   ′00001′                                   00370            ЗП    ′70011′(′06′)
 00327            УМН   ′70003′(′14′)                                              СЧ    =     3
                  УМН   (′17′)                                    00371            ЗП    ′70012′(′06′)
 00330            ДЕЛ   (′17′)                                                     УИА   Е1    (′05′)
                  Э50   ′00003′                                   00372            СЧ    = .100000Е 01
 00331            УМН   ′70001′(′14′)                                              ЗП    (′05′)
                  ЗП    У                                         00373            СЧ    = .200000Е 01
 00332   80   :   РЖА   ′00003′                                                    ЗП    ′00001′(′05′)
                  СЧ    I                                         00374            СЧ    = .300000Е 01
 00333            СЛ    =     1                                                    ЗП    ′00002′(′05′)
                  ЗП    I                                         00375            СЧ    N9
 00334            ВЧОБ  N7                                                         НТЖ   =     0
                  ПО    /0024/                                    00376            ПО    105  :
 00335   85   :   СЧ    JJ                                                         СЧ    =     1
                  НТЖ   II                                        00377            ЗП    I
 00336            ПЕ    /0025/                                    00400   /0032/   РЖА   ′00002′
         /0026/   СЧМ   =А(N7    )                                                 УИА   (′16′)
 00337            СЧМ   =А(J     )                                00401            ПВ    Р0    (′15′)
                  СЧМ   =А(К     )                                00402   100  :   РЖА   ′00003′
 00340            СЧМ   =А(Х     )                                                 СЧ    I
                  СЧМ   =А(Х     )                                00403            СЛ    =     1
 00341            СЧМ   =А(У     )                                                 ЗП    I
                  СЧМ   =А(У     )                                00404            ВЧОБ  N9
 00342            РЖА   ′00006′                                                    ПО    /0032/
                  УИА   ′00007′(′16′)                             00405   105  :   СЧ    JJ
 00343            ПВ    РОUТ  (′15′)                                               НТЖ   II
 00344   /0025/   СЧ    = .100000Е 01                             00406            ПЕ    /0033/


         /0034/   СЧМ   =А(N9    )                                00447            ЗП    I
 00407            СЧМ   =А(J     )                                00450   /0040/   СЧ    Х
                  СЧМ   =А(К     )                                                 Э50   ′00005′
 00410            УИА   Е1    (′06′)                              00451            РЖА   ′00002′
                  СЧИМ  ′00006′                                                    УИА   Т     +′07777′(′14′)
 00411            МОДА  ′00001′(′06′)                             00452            ДЕЛ   ′70002′(′14′)
                  УИА   (′16′)                                                     Э50   ′00006′
 00412            СЧИМ  ′00016′                                   00453            Э50
                  МОДА  ′00002′(′06′)                             00454            ЗП    Х
 00413            УИА   (′16′)                                            120  :   РЖА   ′00003′
                  СЧИМ  ′00016′                                   00455            СЧ    I
 00414            МОДА  ′00003′(′06′)                                              СЛ    =     1
                  УИА   (′16′)                                    00456            ЗП    I
 00415            СЧИМ  ′00016′                                                    ВЧОБ  N11
                  РЖА   ′00006′                                   00457            ПО    /0040/
 00416            УИА   ′00007′(′16′)                             00460   125  :   СЧ    JJ
                  ПВ    РОUТ  (′15′)                                               НТЖ   II
 00417   /0033/   СЧ    =     2                                   00461            ПЕ    /0041/
                  УИА   Т     +′07777′(′06′)                              /0042/   СЧМ   =А(N11   )
 00420            ЗП    ′70010′(′06′)                             00462            СЧМ   =А(J     )
                  СЧ    =     3                                                    СЧМ   =А(К     )
 00421            ЗП    ′70011′(′06′)                             00463            СЧМ   =А(Х     )
                  СЧ    N10                                                        СЧМ   =А(Х     )
 00422            НТЖ   =     0                                   00464            СЧМ   =А(Х     )
                  ПО    115  :                                                     СЧМ   =А(Х     )
 00423            СЧ    =     1                                   00465            РЖА   ′00006′
                  ЗП    I                                                          УИА   ′00007′(′16′)
 00424   /0035/   РЖА   ′00003′                                   00466            ПВ    РОUТ  (′15′)
                  УИА   Т     +′07777′(′14′)                      00467   /0041/   НОП
 00425            СЧ    ′70010′(′14′)                             00467   500  :   РЖА   ′00003′
                  СЛ    ′70011′(′14′)                                              СЧ    JJ
 00426            ЗП    ′70010′(′14′)                             00470            СЛ    =     1
                  СЛ    ′70011′(′14′)                                              ЗП    JJ
 00427            ЗП    ′70011′(′14′)                             00471            ВЧОБ  II
                  ВЧ    ′70010′(′14′)                                              ПО    /0004/
 00430            ЗП    ′70010′(′14′)                             00472            СЧ    =А(=     0)
                  ВЧОБ  ′70011′(′14′)                                              РЖА   ′00006′
 00431            ВЧ    ′70010′(′14′)                             00473            УИА   ′00001′(′16′)
                  ЗП    ′70011′(′14′)                                              ПВ    WАLLТМ(′15′)
 00432   110  :   РЖА   ′00003′                                   00474            ЗП    ТIМЕ1
                  СЧ    I                                                          УИА   РТIМЕ +′07777′(′06′)
 00433            СЛ    =     1                                   00475            ВЧ    ′70002′(′06′)
                  ЗП    I                                                          СЧМ   LООР
 00434            ВЧОБ  N10                                       00476            УМН   = .100000Е 03
                  ПО    /0035/                                                     УМН   II
 00435   115  :   СЧ    JJ                                        00477            РЖА   ′00013′
                  НТЖ   II                                                         СЛ    =     0
 00436            ПЕ    /0036/                                    00500            РЖА   ′00022′
         /0037/   СЧМ   =А(N10   )                                                 СЛПА  ′00100′
 00437            СЧМ   =А(J     )                                00501            ДЕЛ   (′17′)
                  СЧМ   =А(К     )                                                 ЗП    Т*0000
 00440            СЧМ   =А(Х1    )                                00502            РЖА   ′00013′
                  СЧМ   =А(Х2    )                                                 ВЧАБ  =     0
 00441            СЧМ   =А(Х3    )                                00503            ЗНАК  Т*0000
                  СЧМ   =А(Х4    )                                                 ЗП    NINТ
 00442            РЖА   ′00006′                                   00504            УИА   1000 :(′16′)
                  УИА   ′00007′(′16′)                                              СЧИМ  ′00016′
 00443            ПВ    РОUТ  (′15′)                              00505            РЖА   ′00006′
 00444   /0036/   СЧ    = .750000Е 0                                               ПВ    FТ*571(′15′)
                  ЗП    Х                                         00506            УИА   NINТ  (′16′)
 00445            СЧ    N11                                                        СЧИМ  ′00016′
                  НТЖ   =     0                                   00507            ПВ    FТ*002(′15′)
 00446            ПО    125  :                                    00510            ПВ    FТ*003(′15′)
                  СЧ    =     1                                   00511            ПВ    SТОР* (′15′)


 00512   /0002/   УИМ                                             Р0     РА     Р3     РОUТ   WАLLТМ
                  УИМ   ′00015′                                                 ТАБЛИЦА ОТНОСИТЕЛЬНЫХ АДРЕСОВ
 00513   ЕND1     УИМ   ′00005′
                  УИМ   ′00006′                                          1    2    3    4    5    6    7    8    9   10
 00514            УИМ   ′00007′                                      0 :    :    :    :    :    :    :    :    :    :
                  ПБ    (′15′)                                      10 :    :    :    :    :    :    :    :    :   1:
 00515   ВЕGIN    УИА   ЕОР   +′07777′(′07′)                        20 :    :    :    :   4:   7:    :    :    :   7:  11
                  СЧИМ  ′00010′                                     30 :  12:    :    :    :    :    :  13:  14:    :
 00516            СЧИМ  ′00006′                                     40 :    :    :    :  16:  17:  22:  25:  30:  31:  34
                  СЧИМ  ′00005′                                     50 :  36:  41:  44:  45:    :    :    :  50:  51:  52
 00517            СЧИМ  ′00015′                                     60 :  53:    :  53:    :  56:  62:  64:  67:    :  75
                  СЧИМ                                              70 :    :  75:    :    :    : 104: 105: 106: 107:
 00520            ПБ    (′11′)                                      80 : 107:    : 113: 117: 122: 125:    : 133:    : 133
 00521   ЕОР      НОП                                               90 :    :    :    : 145:    : 150:    : 155:    : 155
 00521            КОНД  А(=     0)                                 100 :    :    :    : 167: 170:    : 173: 175: 176: 176
 00522            КОНД   А(N1    )                                 110 :    : 203: 204: 204:    : 211: 212: 212:    : 220
 00523            КОНД   А(Х1    )                                 120 :    : 220:    :    :    :    : 227: 230: 231:
 00524            КОНД   А(Х2    )                                 130 : 232:    : 235: 243: 247: 254: 257:    : 267:
 00525            КОНД   А(Х3    )                                 140 : 270:    :    :    : 302: 303:    : 303:    : 306
 00526            КОНД   А(Х4    )                                 150 : 321:    : 335:    : 335:    :    :    : 344: 345
 00527            КОНД   А(N2    )                                 160 : 345:    : 346:    : 351:    : 357:    : 357:
 00530            КОНД   А(N3    )                                 170 :    :    : 366: 367: 370: 371: 373: 374:    : 375
 00531            КОНД   А(Е1    )                                 180 :    : 400:    : 405:    : 405:    :    :    : 417
 00532            КОНД   А(N4    )                                 190 : 420:    : 421:    : 424: 426: 427: 430:    : 435
 00533            КОНД   А(J     )                                 200 :    : 435:    :    :    : 444:    : 445:    : 450
 00534            КОНД   А(N6    )                                 210 :    : 457:    : 460:    :    :    :    :    :
 00535            КОНД   А(К     )                                 220 :    : 472:    :    :    :    :    :    :    : 474
 00536            КОНД   А(N7    )                                 230 : 504:    : 511:    :    :    :    :    :    :
 00537            КОНД   А(Х     )                               КОМАНД 00521    КОНСТАНТ 00072    ПАМЯТЬ ДЛЯ ПЕРЕМЕННЫХ 00031
 00540            КОНД   А(У     )                               ДЛИНА ПОДПРОГРАММЫ WНТSТN 00644
 00541            КОНД   А(Z     )
 00542            КОНД   А(N8    )                                ТАБЛИЦА МЕТОК И ИДЕНТИФИКАТОРОВ
 00543            КОНД   А(N9    )
 00544            КОНД   А(N10   )                                ИД-Р  АДР/РЗМ КЛАСС ФП ТИП СОММОN/RЕСОRD
 00545            КОНД   А(N11   )                                **     00012  СОММОN
 00546   1000 :   (23Н SINGLЕ WНЕТSТОNЕ КIРS I6)                  1    : 00553  МЕТКА
 00553   1    :   (/′ ВЕNСНМАRК ≠2 -- SINGLЕ РRЕСISIОN WНЕТS      100  : 00402  МЕТКА
                  ТОNЕ (А001)′)                                   1000 : 00546  МЕТКА
 00565                 1                                          105  : 00405  МЕТКА
 00566                 0                                          110  : 00432  МЕТКА
 00567              1000                                          115  : 00435  МЕТКА
 00570                 2                                          120  : 00454  МЕТКА
 00571                 3                                          125  : 00460  МЕТКА
 00572                -1                                          30   : 00072  МЕТКА
 00573             .499975Е 0                                     35   : 00075  МЕТКА
 00574             .500250Е 0                                     40   : 00130  МЕТКА
 00575             .200000Е 01                                    45   : 00133  МЕТКА
 00576             .100000Е 01                                    50   : 00152  МЕТКА
 00577            -.100000Е 01                                    500  : 00467  МЕТКА
 00600             .500000Е 0                                     51   : 00177  МЕТКА
 00601             .300000Е 01                                    52   : 00201  МЕТКА
 00602             .750000Е 0                                     53   : 00205  МЕТКА
 00603             .120000Е 02                                    54   : 00207  МЕТКА
 00604             .140000Е 02                                    55   : 00213  МЕТКА
 00605             .345000Е 03                                    59   : 00155  МЕТКА
 00606             .210000Е 03                                    60   : 00215  МЕТКА
 00607             .899000Е 03                                    65   : 00220  МЕТКА
 00610             .616000Е 03                                    70   : 00264  МЕТКА
 00611             .930000Е 02                                    75   : 00270  МЕТКА
 00612             .100000Е 03                                    80   : 00332  МЕТКА
ЗНАЧЕН. N5      НЕ ИСПОЛЬЗУЕТСЯ                                   85   : 00335  МЕТКА
                                                                  90   : 00354  МЕТКА
                                                                  95   : 00357  МЕТКА
   ВЫЗЫВАЕМЫЕ ФУНКЦИИ И ПОДПРОГРАММЫ                              Е1     00003  МАССИВ   RЕАL  **


 I      00625  ПЕРЕМ    INТ
 II     00627  ПЕРЕМ    INТ
 J      00007  ПЕРЕМ    INТ   **
 JJ     00630  ПЕРЕМ    INТ
 К      00010  ПЕРЕМ    INТ   **
 L      00011  ПЕРЕМ    INТ   **
 LООР   00631  ПЕРЕМ    INТ
 N1     00633  ПЕРЕМ    INТ
 N10    00615  ПЕРЕМ    INТ
 N11    00634  ПЕРЕМ    INТ
 N2     00635  ПЕРЕМ    INТ
 N3     00636  ПЕРЕМ    INТ
 N4     00637  ПЕРЕМ    INТ
 N5     00640  ПЕРЕМ    INТ
 N6     00641  ПЕРЕМ    INТ
 N7     00642  ПЕРЕМ    INТ
 N8     00632  ПЕРЕМ    INТ
 N9     00616  ПЕРЕМ    INТ
 NINТ   00617  ПЕРЕМ    INТ
 Р0     00011  ЕХТЕRN   RЕАL
 Р3     00010  ЕХТЕRN   RЕАL
 РА     00007  ЕХТЕRN   RЕАL
 РОUТ   00006  ЕХТЕRN   RЕАL
 РТIМЕ  00000  ПЕРЕМ    RЕАL  РТIМЕ
 РТIМЕ  00002  СОММОN
 Т      00000  ПЕРЕМ    RЕАL  **
 Т1     00001  ПЕРЕМ    RЕАL  **
 Т2     00002  ПЕРЕМ    RЕАL  **
 ТIМЕ0  00001  ПЕРЕМ    RЕАL  РТIМЕ
 ТIМЕ1  00643  ПЕРЕМ    RЕАL
 WАLLТМ 00003  ЕХТЕRN   RЕАL
 WНТSТN 00000  ИМЯ ПР
 Х      00620  ПЕРЕМ    RЕАL
 Х1     00621  ПЕРЕМ    RЕАL
 Х2     00622  ПЕРЕМ    RЕАL
 Х3     00623  ПЕРЕМ    RЕАL
 Х4     00624  ПЕРЕМ    RЕАL
 У      00626  ПЕРЕМ    RЕАL
 Z      00614  ПЕРЕМ    RЕАL
                                                      14.01.17 М1
F О R Е Х ИПМ АН СССР 4.12 ОТ 25.06.85 ВРЕМЯ:  00.00              00031            СЧИМ
                                                                                   ПБ    (′11′)
   1                SUВRОUТINЕ РА(Е)                              00032   ЕОР      НОП
   2                DIМЕNSIОN Е(4)                                00032                 1
   3                СОММОN Т,Т1,Т2,Е1(4),J,К,L                    00033                 0
   4                J1 = 0                                        00034                -6
   5             10   Е(1) = (Е(1) + Е(2) + Е(3) - Е(4)) * Т
   6                Е(2) = (Е(1) + Е(2) - Е(3) + Е(4)) * Т
   7                Е(3) = (Е(1) - Е(2) + Е(3) + Е(4)) * Т                      ТАБЛИЦА ОТНОСИТЕЛЬНЫХ АДРЕСОВ
   8                Е(4) = (-Е(1) + Е(2) + Е(3) + Е(4)) / Т2
   9                J1 = J1 + 1                                          1    2    3    4    5    6    7    8    9   10
  10                IF (J1 - 6) 10,20,20                             0 :    :    :    :   1:    :   7:  12:  15:  20:  22
  11          С                                                     10 :    :  23:    :    :    :    :    :    :    :
  12             20   RЕТURN                                     КОМАНД 00032    КОНСТАНТ 00003    ПАМЯТЬ ДЛЯ ПЕРЕМЕННЫХ 00002
  13                ЕND                                          ДЛИНА ПОДПРОГРАММЫ РА     00037
  14          С
 00000            УИИ   ′00010′(′07′)                             ТАБЛИЦА МЕТОК И ИДЕНТИФИКАТОРОВ
                  ПВ    ВЕGIN (′11′)
 00001   /0001/   СЧ    =     0                                   ИД-Р  АДР/РЗМ КЛАСС ФП ТИП СОММОN/RЕСОRD
                  ЗП    J1                                        **     00012  СОММОN
 00002   10   :   МОД   Е                                         10   : 00002  МЕТКА
                  УИА   (′14′)                                    20   : 00023  МЕТКА
 00003            РЖА   ′00002′                                   Е      00035  МАССИВ * RЕАL
                  СЧ    (′14′)                                    Е1     00003  МАССИВ   RЕАL  **
 00004            СЛ    ′00001′(′14′)                             J      00007  ПЕРЕМ    INТ   **
                  СЛ    ′00002′(′14′)                             J1     00036  ПЕРЕМ    INТ
 00005            ВЧ    ′00003′(′14′)                             К      00010  ПЕРЕМ    INТ   **
                  УИА   Т     +′07777′(′13′)                      L      00011  ПЕРЕМ    INТ   **
 00006            УМН   ′70001′(′13′)                             РА     00000  ИМЯ ПР
                  ЗП    (′14′)                                    Т      00000  ПЕРЕМ    RЕАL  **
 00007            СЧ    (′14′)                                    Т1     00001  ПЕРЕМ    RЕАL  **
                  СЛ    ′00001′(′14′)                             Т2     00002  ПЕРЕМ    RЕАL  **
 00010            ВЧ    ′00002′(′14′)
                  СЛ    ′00003′(′14′)
 00011            УМН   ′70001′(′13′)
                  ЗП    ′00001′(′14′)
 00012            СЧ    (′14′)
                  ВЧ    ′00001′(′14′)
 00013            СЛ    ′00002′(′14′)
                  СЛ    ′00003′(′14′)
 00014            УМН   ′70001′(′13′)
                  ЗП    ′00002′(′14′)
 00015            СЧ    ′00001′(′14′)
                  ВЧ    (′14′)
 00016            СЛ    ′00002′(′14′)
                  СЛ    ′00003′(′14′)
 00017            ДЕЛ   ′70003′(′13′)
                  ЗП    ′00003′(′14′)
 00020            РЖА   ′00013′
                  СЧ    J1
 00021            СЛ    =     1
                  ЗП    J1
 00022            СЛ    =    -6
                  ПЕ    10   :
 00023   20   :   ПБ    /0002/
 00024   /0002/   УИМ
                  УИМ   ′00015′
 00025   ЕND1     УИМ   ′00007′
                  РЖА   ′00022′
 00026            ПБ    (′15′)
 00027   ВЕGIN    УИА   ЕОР   +′07777′(′07′)
                  ЗПМ   Е
 00030            СЧИМ  ′00010′
                  СЧИМ  ′00015′

                                                      14.01.17 М1
F О R Е Х ИПМ АН СССР 4.12 ОТ 25.06.85 ВРЕМЯ:  00.00

   1                SUВRОUТINЕ Р0
   2                СОММОN Т,Т1,Т2,Е1(4),J,К,L
   3                Е1(J) = Е1(К)
   4                Е1(К) = Е1(L)
   5                Е1(L) = Е1(J)
   6                RЕТURN
   7                ЕND
   8          С
 00000            УИИ   ′00010′(′07′)
                  ПВ    ВЕGIN (′11′)
 00001   /0001/   МОД   J
                  УИА   Е1    +′77777′(′14′)
 00002            УИА   Т     +′07777′(′13′)
                  МОД   ′70011′(′13′)
 00003            УИА   Е1    +′77777′(′12′)
                  СЧ    (′12′)
 00004            ЗП    (′14′)
                  МОД   ′70012′(′13′)
 00005            УИА   Е1    +′77777′(′11′)
                  СЧ    (′11′)
 00006            ЗП    (′12′)
                  СЧ    (′14′)
 00007            ЗП    (′11′)
                  ПБ    /0002/
 00010   /0002/   УИМ
                  УИМ   ′00015′
 00011   ЕND1     УИМ   ′00007′
                  РЖА   ′00022′
 00012            ПБ    (′15′)
 00013   ВЕGIN    УИА   ЕОР   +′07777′(′07′)
                  СЧИМ  ′00010′
 00014            СЧИМ  ′00015′
                  СЧИМ
 00015            ПБ    (′11′)
 00016   ЕОР      НОП


               ТАБЛИЦА ОТНОСИТЕЛЬНЫХ АДРЕСОВ

        1    2    3    4    5    6    7    8    9   10
    0 :    :    :   1:   4:   6:   7:    :    :    :
КОМАНД 00016    КОНСТАНТ 00000    ПАМЯТЬ ДЛЯ ПЕРЕМЕННЫХ 00000
ДЛИНА ПОДПРОГРАММЫ Р0     00016

 ТАБЛИЦА МЕТОК И ИДЕНТИФИКАТОРОВ

 ИД-Р  АДР/РЗМ КЛАСС ФП ТИП СОММОN/RЕСОRD
 **     00012  СОММОN
 Е1     00003  МАССИВ   RЕАL  **
 J      00007  ПЕРЕМ    INТ   **
 К      00010  ПЕРЕМ    INТ   **
 L      00011  ПЕРЕМ    INТ   **
 Р0     00000  ИМЯ ПР
 Т      00000  ПЕРЕМ    RЕАL  **
 Т1     00001  ПЕРЕМ    RЕАL  **
 Т2     00002  ПЕРЕМ    RЕАL  **
                                                      14.01.17 М1
F О R Е Х ИПМ АН СССР 4.12 ОТ 25.06.85 ВРЕМЯ:  00.00              Т      00000  ПЕРЕМ    RЕАL  **
                                                                  Т1     00001  ПЕРЕМ    RЕАL  **
   1                SUВRОUТINЕ Р3(Х,У,Z)                          Т2     00002  ПЕРЕМ    RЕАL  **
   2                СОММОN Т,Т1,Т2,Е1(4),J,К,L                    Х      00023  ПЕРЕМ  * RЕАL
   3                Х1 = Х                                        Х1     00024  ПЕРЕМ    RЕАL
   4                У1 = У                                        У      00022  ПЕРЕМ  * RЕАL
   5                Х1 = Т * (Х1 + У1)                            У1     00025  ПЕРЕМ    RЕАL
   6                У1 = Т * (Х1 + У1)                            Z      00021  ПЕРЕМ  * RЕАL
   7                Z = (Х1 + У1) / Т2
   8                RЕТURN
   9                ЕND
  10          С
 00000            УИИ   ′00010′(′07′)
                  ПВ    ВЕGIN (′11′)
 00001   /0001/   МОД   Х
                  СЧ
 00002            ЗП    Х1
                  МОД   У
 00003            СЧ
                  ЗП    У1
 00004            РЖА   ′00006′
                  СЛ    Х1
 00005            УИА   Т     +′07777′(′14′)
                  УМН   ′70001′(′14′)
 00006            ЗП    Х1
                  СЛ    У1
 00007            УМН   ′70001′(′14′)
                  ЗП    У1
 00010            СЛ    Х1
                  ДЕЛ   ′70003′(′14′)
 00011            МОД   Z
                  ЗП
 00012            ПБ    /0002/
 00013   /0002/   УИМ
                  УИМ   ′00015′
 00014   ЕND1     УИМ   ′00007′
                  ПБ    (′15′)
 00015   ВЕGIN    УИА   ЕОР   +′07777′(′07′)
                  ЗПМ   Z
 00016            ЗПМ   У
                  ЗПМ   Х
 00017            СЧИМ  ′00010′
                  СЧИМ  ′00015′
 00020            СЧИМ
                  ПБ    (′11′)
 00021   ЕОР      НОП


               ТАБЛИЦА ОТНОСИТЕЛЬНЫХ АДРЕСОВ

        1    2    3    4    5    6    7    8    9   10
    0 :    :    :   1:   2:   4:   6:  10:  12:    :
КОМАНД 00021    КОНСТАНТ 00000    ПАМЯТЬ ДЛЯ ПЕРЕМЕННЫХ 00005
ДЛИНА ПОДПРОГРАММЫ Р3     00026

 ТАБЛИЦА МЕТОК И ИДЕНТИФИКАТОРОВ

 ИД-Р  АДР/РЗМ КЛАСС ФП ТИП СОММОN/RЕСОRD
 **     00012  СОММОN
 Е1     00003  МАССИВ   RЕАL  **
 J      00007  ПЕРЕМ    INТ   **
 К      00010  ПЕРЕМ    INТ   **
 L      00011  ПЕРЕМ    INТ   **
 Р3     00000  ИМЯ ПР

                                                      14.01.17 М1
F О R Е Х ИПМ АН СССР 4.12 ОТ 25.06.85 ВРЕМЯ:  00.00                               ПВ    FТ*002(′15′)
                                                                  00033            МОД   Х3
   1                SUВRОUТINЕ РОUТ(N,J,К,Х1,Х2,Х3,Х4)                             УИА   (′16′)
   2                СОММОN/РТIМЕ/РТIМЕ,ТIМЕ0                      00034            СЧИМ  ′00016′
   3                RЕАL РТIМЕ,ТIМЕ1,ТIМЕ0,WАLLТМ                                  ПВ    FТ*002(′15′)
   4                ТIМЕ1 = WАLLТМ(0)                             00035            МОД   Х4
   5                NINТ1 = (ТIМЕ1-ТIМЕ0)                                          УИА   (′16′)
   6                NINТ2 = (ТIМЕ1-РТIМЕ)                         00036            СЧИМ  ′00016′
   7                РRINТ 10, NINТ1, NINТ2, N,J,К,Х1,Х2,Х3,Х4                      ПВ    FТ*002(′15′)
   8             10   FОRМАТ (2I3,1Х,3I7,4(1РЕ12.4))              00037            ПВ    FТ*003(′15′)
   9                РТIМЕ = ТIМЕ1                                 00040            СЧ    ТIМЕ1
  10                RЕТURN                                                         ЗП    ′70001′(′06′)
  11                ЕND                                           00041            ПБ    /0002/
 00000            УИИ   ′00010′(′07′)                             00042   /0002/   УИМ
                  ПВ    ВЕGIN (′11′)                                               УИМ   ′00015′
 00001   /0001/   СЧ    =А(=     0)                               00043   ЕND1     УИМ   ′00006′
                  РЖА   ′00006′                                                    УИМ   ′00007′
 00002            УИА   ′00001′(′16′)                             00044            ПБ    (′15′)
                  ПВ    WАLLТМ(′15′)                              00045   ВЕGIN    УИА   ЕОР   +′07777′(′07′)
 00003            ЗП    ТIМЕ1                                                      УИА   ′77772′(′13′)
                  УИА   РТIМЕ +′07777′(′06′)                      00046   /0004/   МОДА  Х4
 00004            ВЧ    ′70002′(′06′)                                              ЗПМ   ′00006′(′13′)
                  ЗП    Т*0000                                    00047            ЦИКЛ  /0004/(′13′)
 00005            РЖА   ′00023′                                                    СЧИМ  ′00010′
                  ВЧАБ  =     0                                   00050            СЧИМ  ′00006′
 00006            ЗНАК  Т*0000                                                     СЧИМ  ′00015′
                  ЗП    NINТ1                                     00051            СЧИМ
 00007            РЖА   ′00022′                                                    ПБ    (′11′)
                  СЧ    ТIМЕ1                                     00052   ЕОР      НОП
 00010            ВЧ    ′70001′(′06′)                             00052            КОНД  А(=     0)
                  ЗП    Т*0000                                    00053   10   :   (2I3,1Х,3I7,4(1РЕ12.4))
 00011            РЖА   ′00023′                                   00057                 0
                  ВЧАБ  =     0
 00012            ЗНАК  Т*0000
                  ЗП    NINТ2                                       ВЫЗЫВАЕМЫЕ ФУНКЦИИ И ПОДПРОГРАММЫ
 00013            УИА   10   :(′16′)                              WАLLТМ
                  СЧИМ  ′00016′                                                 ТАБЛИЦА ОТНОСИТЕЛЬНЫХ АДРЕСОВ
 00014            РЖА   ′00006′
                  ПВ    FТ*571(′15′)                                     1    2    3    4    5    6    7    8    9   10
 00015            УИА   NINТ1 (′16′)                                 0 :    :    :    :   1:   3:   7:  13:    :  40:  41
                  СЧИМ  ′00016′                                  КОМАНД 00052    КОНСТАНТ 00006    ПАМЯТЬ ДЛЯ ПЕРЕМЕННЫХ 00013
 00016            ПВ    FТ*002(′15′)                             ДЛИНА ПОДПРОГРАММЫ РОUТ   00073
 00017            УИА   NINТ2 (′16′)
                  СЧИМ  ′00016′                                   ТАБЛИЦА МЕТОК И ИДЕНТИФИКАТОРОВ
 00020            ПВ    FТ*002(′15′)
 00021            МОД   N                                         ИД-Р  АДР/РЗМ КЛАСС ФП ТИП СОММОN/RЕСОRD
                  УИА   (′16′)                                    10   : 00053  МЕТКА
 00022            СЧИМ  ′00016′                                   J      00066  ПЕРЕМ  * INТ
                  ПВ    FТ*002(′15′)                              К      00065  ПЕРЕМ  * INТ
 00023            МОД   J                                         N      00067  ПЕРЕМ  * INТ
                  УИА   (′16′)                                    NINТ1  00071  ПЕРЕМ    INТ
 00024            СЧИМ  ′00016′                                   NINТ2  00070  ПЕРЕМ    INТ
                  ПВ    FТ*002(′15′)                              РОUТ   00000  ИМЯ ПР
 00025            МОД   К                                         РТIМЕ  00000  ПЕРЕМ    RЕАL  РТIМЕ
                  УИА   (′16′)                                    РТIМЕ  00002  СОММОN
 00026            СЧИМ  ′00016′                                   ТIМЕ0  00001  ПЕРЕМ    RЕАL  РТIМЕ
                  ПВ    FТ*002(′15′)                              ТIМЕ1  00072  ПЕРЕМ    RЕАL
 00027            МОД   Х1                                        WАLLТМ 00001  ЕХТЕRN   RЕАL
                  УИА   (′16′)                                    Х1     00064  ПЕРЕМ  * RЕАL
 00030            СЧИМ  ′00016′                                   Х2     00063  ПЕРЕМ  * RЕАL
                  ПВ    FТ*002(′15′)                              Х3     00062  ПЕРЕМ  * RЕАL
 00031            МОД   Х2                                        Х4     00061  ПЕРЕМ  * RЕАL
                  УИА   (′16′)
 00032            СЧИМ  ′00016′

                                                      14.01.17 М1
F О R Е Х ИПМ АН СССР 4.12 ОТ 25.06.85 ВРЕМЯ:  00.00

   1                  RЕАL FUNСТIОN WАLLТМ(IРАRR)
   2                  RЕАL IТ(2)
   3                  WАLLТМ = ЕТIМЕ(IТ)
   4                  RЕТURN
   5                  ЕND
 00000            УИИ   ′00010′(′07′)
                  ПВ    ВЕGIN (′11′)
 00001   /0001/   СЧ    =А(IТ    )
                  РЖА   ′00006′
 00002            УИА   ′00001′(′16′)
                  ПВ    ЕТIМЕ (′15′)
 00003            ЗП    WАLLТМ
                  ПБ    /0002/
 00004   /0002/   УИМ
                  УИМ   ′00015′
 00005   ЕND1     УИМ   ′00007′
                  МОДА  WАLLТМ
 00006            СЧ
                  ПБ    (′15′)
 00007   ВЕGIN    УИА   ЕОР   +′07777′(′07′)
                  ЗП    IРАRR
 00010            СЧИМ  ′00010′
                  СЧИМ  ′00015′
 00011            СЧИМ
                  ПБ    (′11′)
 00012   ЕОР      НОП
 00012            КОНД   А(IТ    )


   ВЫЗЫВАЕМЫЕ ФУНКЦИИ И ПОДПРОГРАММЫ
 ЕТIМЕ
               ТАБЛИЦА ОТНОСИТЕЛЬНЫХ АДРЕСОВ

        1    2    3    4    5    6    7    8    9   10
    0 :    :    :   1:   3:    :    :    :    :    :
КОМАНД 00012    КОНСТАНТ 00001    ПАМЯТЬ ДЛЯ ПЕРЕМЕННЫХ 00004
ДЛИНА ПОДПРОГРАММЫ WАLLТМ 00017

 ТАБЛИЦА МЕТОК И ИДЕНТИФИКАТОРОВ

 ИД-Р  АДР/РЗМ КЛАСС ФП ТИП СОММОN/RЕСОRD
 ЕТIМЕ  00001  ЕХТЕRN   RЕАL
 IРАRR  00013  ПЕРЕМ  * INТ
 IТ     00015  МАССИВ   RЕАL
 WАLLТМ 00014  ИМЯ ФН   RЕАL
           *АSSЕМ
                                                      14.01.17 М1
 АВТОКОД  МАDLЕN
   (1.10.72)
                    ЕТIМЕ   :  , NАМЕ,
 0000                          , *53 ,10В     .АСС = ТIМЕ ОF DА
                                                У IN JIFFIЕS
  -
 0001                          , АОХ ,=I0     .АСС |= ZЕRО WIТН
                                                 А РRОРЕR ЕХРОN
                                                ЕNТ
  -                            , А/Х ,=R50.0  .АСС /= 50.0
 0002                        13, UJ  ,        .RЕТURN
  -
                               , ЕND ,
 СТРУКТУРА  ПОДПРОГРАММЫ:
          ЗАГОЛОВОК 00001
        ОБОЗНАЧЕНИЯ 00002
               -    00000
               -    00000
     ИДЕНТИФИКАТОРЫ 00000
            КОМАНДЫ 00003
         ГРУППА ВSS 00000
          КОНСТАНТЫ 00002
             ДАННЫЕ 00000
           РАССЫЛКИ 00000
 ЧИСЛО ПЕРФ. 0006      ЧИСЛО ОШИБ. ОПЕРАТОРОВ  0000
           *       ЕХЕСUТЕ
           *САLL ОVЕRLАУ
           WНТSТN
*ЕND RЕСОRD

        WНТSТN     01000        SТОР*      03561        ЕRRLUN   Е 05366
        РRОGRАМ  Е 01000        ВСDВЕG*    03602        НID/*      05444
        ВСDWRIТ*   01644        FТ2*     Е 04111        АНID/*   Е 05447
        FТ*621   Е 01644        КОNV1*   Е 04124        IОSКIР*  С 05454
        ВСDЕNС*  Е 01650        SWRIТТ     04220        IОХGIVЕМ   05455
        FТ*611   Е 01650        LUNМUN   С 04223        GIVЕМАSК Е 05456
        FТ*571   Е 01652        LUN*МОN    04224        IОХХRРСК   05505
        FТ*561   Е 01655        ОСТТDЕС    04232        IОХХUРСК Е 05506
        NЕХТLЕТ* Е 01662        ЕТIМЕ      04264        МОN*IТОR   05557
        RК*      Е 01677        ТАВWТ/*    04271        РLВЕG    Е 05566
        WSУ*     Е 02147        RWТВ/*     04276        РLСLО    Е 05574
        IОСОNТ*    02332        РRINТ8     04361        АSАVЕ*   Е 05602
        IОАС*    Е 02364        РRINТ80  Е 04361        SАVЕ*НID Е 05607
        FТ*002   Е 02377        IОХХТТWТ   04417        FОR*АLL  Е 05624
        FD*642   Е 02400        ТТРRINТD Е 04423        ОН*      Е 05626
        FD*722   Е 02400        ТТРRINТ  Е 04423        ОН*1     Е 05633
        FС*722   Е 02400        ТТРRIКS  Е 04435        ISО/GОSТ   05642
        FС*642   Е 02400        /IР*     Е 04503        ТSТАТЕ*  С 05711
        FС*002   Е 02400        IОХХFМR*   04517        *IСНЕСК* С 05712
        IОЕND*   Е 02405        IОХХFМW* Е 04520        GIVЕLЕХХ   05720
        FТ*003   Е 02405        IОХХЕR/М   05115        SАVЕLЕХХ Е 06022
        IОSVFR   Е 02714        IОХХЕR/О Е 05116        RD/ВТ      06042
        SUВРЕRR* Е 02726        IОХХРКWТ   05137        WR/ВТ    Е 06043
        WАLLТМ     03330        ВСDРUN   Е 05140        SDЕС*      06062
        *РТIМЕ*  С 03347        СОLРUNС* Е 05141        *IОХLSW* С 06122
        **       С 03351        СОLРUNВ* Е 05176        СLЕАRLЕХ   06123
        РОUТ       03363        СОLРUNЕ* Е 05176          СВОБОД   06135
        РА         03456        IВСDСТR* Е 05203
        Р3         03515        IОХХLРWТ   05303
        Р0         03543        ЕRRIОМ     05306

           *ЕND FILЕ
 КОНЕЦ ЗАДАЧИ
 00411: 00 074 0000	*74
